
 Start         Length     Name                   Class
 0001:00401000 0000E1C10H _TEXT                  CODE
 0002:004E3000 000205BD8H _DATA                  DATA
 0003:006E8BD8 00000C380H _BSS                   BSS
 0004:00000000 00000009CH _TLS                   TLS


Detailed map of segments
 0001:00000000 0000014F C=CODE    S=_TEXT    G=(none)   M=C:\BORLAND\BCC55\LIB\C0W32.OBJ ACBP=A9
 0001:00000150 000000C8 C=CODE    S=_TEXT    G=(none)   M=C:\HTI\SISMED\SISMED.OBJ ACBP=A9
 0001:00000218 0000003A C=CODE    S=_TEXT    G=(none)   M=C:\HTI\SISMED\ATU_SMED.OBJ ACBP=A9
 0001:00000254 0000003A C=CODE    S=_TEXT    G=(none)   M=C:\HTI\SISMED\CON21.OBJ ACBP=A9
 0001:00000290 0000003A C=CODE    S=_TEXT    G=(none)   M=C:\HTI\SISMED\CON22.OBJ ACBP=A9
 0001:000002CC 0000003A C=CODE    S=_TEXT    G=(none)   M=C:\HTI\SISMED\CON24.OBJ ACBP=A9
 0001:00000308 0000003A C=CODE    S=_TEXT    G=(none)   M=C:\HTI\SISMED\CON25.OBJ ACBP=A9
 0001:00000344 0000003A C=CODE    S=_TEXT    G=(none)   M=C:\HTI\SISMED\CON41.OBJ ACBP=A9
 0001:00000380 00000054 C=CODE    S=_TEXT    G=(none)   M=C:\HTI\SISMED\CON42.OBJ ACBP=A9
 0001:000003D4 0000003A C=CODE    S=_TEXT    G=(none)   M=C:\HTI\SISMED\CON211.OBJ ACBP=A9
 0001:00000410 0000003A C=CODE    S=_TEXT    G=(none)   M=C:\HTI\SISMED\CON212.OBJ ACBP=A9
 0001:0000044C 0000003A C=CODE    S=_TEXT    G=(none)   M=C:\HTI\SISMED\CON213.OBJ ACBP=A9
 0001:00000488 0000003A C=CODE    S=_TEXT    G=(none)   M=C:\HTI\SISMED\CON214.OBJ ACBP=A9
 0001:000004C4 0000003D C=CODE    S=_TEXT    G=(none)   M=C:\HTI\SISMED\CON241.OBJ ACBP=A9
 0001:00000504 0000003A C=CODE    S=_TEXT    G=(none)   M=C:\HTI\SISMED\CON243.OBJ ACBP=A9
 0001:00000540 00000057 C=CODE    S=_TEXT    G=(none)   M=C:\HTI\SISMED\CON244.OBJ ACBP=A9
 0001:00000598 0000003D C=CODE    S=_TEXT    G=(none)   M=C:\HTI\SISMED\CON251.OBJ ACBP=A9
 0001:000005D8 0000003A C=CODE    S=_TEXT    G=(none)   M=C:\HTI\SISMED\CON252.OBJ ACBP=A9
 0001:00000614 0000003D C=CODE    S=_TEXT    G=(none)   M=C:\HTI\SISMED\CON253.OBJ ACBP=A9
 0001:00000654 0000003A C=CODE    S=_TEXT    G=(none)   M=C:\HTI\SISMED\CON411.OBJ ACBP=A9
 0001:00000690 0000003A C=CODE    S=_TEXT    G=(none)   M=C:\HTI\SISMED\CON413.OBJ ACBP=A9
 0001:000006CC 0000003A C=CODE    S=_TEXT    G=(none)   M=C:\HTI\SISMED\CON414.OBJ ACBP=A9
 0001:00000708 0000003A C=CODE    S=_TEXT    G=(none)   M=C:\HTI\SISMED\CON416.OBJ ACBP=A9
 0001:00000744 0000003A C=CODE    S=_TEXT    G=(none)   M=C:\HTI\SISMED\CON418.OBJ ACBP=A9
 0001:00000780 0000003A C=CODE    S=_TEXT    G=(none)   M=C:\HTI\SISMED\CON419.OBJ ACBP=A9
 0001:000007BC 0000003A C=CODE    S=_TEXT    G=(none)   M=C:\HTI\SISMED\CON420.OBJ ACBP=A9
 0001:000007F8 0000003A C=CODE    S=_TEXT    G=(none)   M=C:\HTI\SISMED\CON421.OBJ ACBP=A9
 0001:00000834 0000003A C=CODE    S=_TEXT    G=(none)   M=C:\HTI\SISMED\CON423.OBJ ACBP=A9
 0001:00000870 0000003A C=CODE    S=_TEXT    G=(none)   M=C:\HTI\SISMED\CON424.OBJ ACBP=A9
 0001:000008AC 0000003A C=CODE    S=_TEXT    G=(none)   M=C:\HTI\SISMED\CON426.OBJ ACBP=A9
 0001:000008E8 0000003A C=CODE    S=_TEXT    G=(none)   M=C:\HTI\SISMED\CON428.OBJ ACBP=A9
 0001:00000924 0000003A C=CODE    S=_TEXT    G=(none)   M=C:\HTI\SISMED\CON429.OBJ ACBP=A9
 0001:00000960 00000088 C=CODE    S=_TEXT    G=(none)   M=C:\HTI\SISMED\ERRORSYS.OBJ ACBP=A9
 0001:000009E8 000006D7 C=CODE    S=_TEXT    G=(none)   M=C:\HTI\SISMED\HRBFUN.OBJ ACBP=A9
 0001:000010C0 00000054 C=CODE    S=_TEXT    G=(none)   M=C:\HTI\SISMED\SAC63.OBJ ACBP=A9
 0001:00001114 0000003D C=CODE    S=_TEXT    G=(none)   M=C:\HTI\SISMED\SAC130.OBJ ACBP=A9
 0001:00001154 0000003A C=CODE    S=_TEXT    G=(none)   M=C:\HTI\SISMED\SAC140.OBJ ACBP=A9
 0001:00001190 0000003A C=CODE    S=_TEXT    G=(none)   M=C:\HTI\SISMED\SAC141.OBJ ACBP=A9
 0001:000011CC 0000003A C=CODE    S=_TEXT    G=(none)   M=C:\HTI\SISMED\SAC142.OBJ ACBP=A9
 0001:00001208 0000003A C=CODE    S=_TEXT    G=(none)   M=C:\HTI\SISMED\SACCEP.OBJ ACBP=A9
 0001:00001244 0000003A C=CODE    S=_TEXT    G=(none)   M=C:\HTI\SISMED\SACDESP.OBJ ACBP=A9
 0001:00001280 0000003A C=CODE    S=_TEXT    G=(none)   M=C:\HTI\SISMED\SACLER.OBJ ACBP=A9
 0001:000012BC 00000057 C=CODE    S=_TEXT    G=(none)   M=C:\HTI\SISMED\SMED00.OBJ ACBP=A9
 0001:00001314 0000003A C=CODE    S=_TEXT    G=(none)   M=C:\HTI\SISMED\SMED2DES.OBJ ACBP=A9
 0001:00001350 0000003A C=CODE    S=_TEXT    G=(none)   M=C:\HTI\SISMED\SMED2P.OBJ ACBP=A9
 0001:0000138C 0000003A C=CODE    S=_TEXT    G=(none)   M=C:\HTI\SISMED\SMED2P1.OBJ ACBP=A9
 0001:000013C8 0000006E C=CODE    S=_TEXT    G=(none)   M=C:\HTI\SISMED\SMED3DES.OBJ ACBP=A9
 0001:00001438 00000054 C=CODE    S=_TEXT    G=(none)   M=C:\HTI\SISMED\SMED5CNV.OBJ ACBP=A9
 0001:0000148C 0000003A C=CODE    S=_TEXT    G=(none)   M=C:\HTI\SISMED\SMED5COL.OBJ ACBP=A9
 0001:000014C8 00000054 C=CODE    S=_TEXT    G=(none)   M=C:\HTI\SISMED\SMED5CON.OBJ ACBP=A9
 0001:0000151C 00000054 C=CODE    S=_TEXT    G=(none)   M=C:\HTI\SISMED\SMED5DAT.OBJ ACBP=A9
 0001:00001570 0000003A C=CODE    S=_TEXT    G=(none)   M=C:\HTI\SISMED\SMED5DEC.OBJ ACBP=A9
 0001:000015AC 00000088 C=CODE    S=_TEXT    G=(none)   M=C:\HTI\SISMED\SMED5DES.OBJ ACBP=A9
 0001:00001634 0000003A C=CODE    S=_TEXT    G=(none)   M=C:\HTI\SISMED\SMED5E21.OBJ ACBP=A9
 0001:00001670 0000003A C=CODE    S=_TEXT    G=(none)   M=C:\HTI\SISMED\SMED5E22.OBJ ACBP=A9
 0001:000016AC 0000003A C=CODE    S=_TEXT    G=(none)   M=C:\HTI\SISMED\SMED5EST.OBJ ACBP=A9
 0001:000016E8 0000003A C=CODE    S=_TEXT    G=(none)   M=C:\HTI\SISMED\SMED5ET1.OBJ ACBP=A9
 0001:00001724 0000003A C=CODE    S=_TEXT    G=(none)   M=C:\HTI\SISMED\SMED5ET2.OBJ ACBP=A9
 0001:00001760 0000003A C=CODE    S=_TEXT    G=(none)   M=C:\HTI\SISMED\SMED5ETQ.OBJ ACBP=A9
 0001:0000179C 00000175 C=CODE    S=_TEXT    G=(none)   M=C:\HTI\SISMED\XLS.OBJ ACBP=A9
 0001:00001914 00000054 C=CODE    S=_TEXT    G=(none)   M=C:\HTI\SISMED\SMED5FRM.OBJ ACBP=A9
 0001:00001968 0000003A C=CODE    S=_TEXT    G=(none)   M=C:\HTI\SISMED\SMED5PAT.OBJ ACBP=A9
 0001:000019A4 00000088 C=CODE    S=_TEXT    G=(none)   M=C:\HTI\SISMED\SMED5VID.OBJ ACBP=A9
 0001:00001A2C 0000003D C=CODE    S=_TEXT    G=(none)   M=C:\HTI\SISMED\SMED30.OBJ ACBP=A9
 0001:00001A6C 0000006E C=CODE    S=_TEXT    G=(none)   M=C:\HTI\SISMED\SMED211.OBJ ACBP=A9
 0001:00001ADC 0000003A C=CODE    S=_TEXT    G=(none)   M=C:\HTI\SISMED\SMED212.OBJ ACBP=A9
 0001:00001B18 0000003A C=CODE    S=_TEXT    G=(none)   M=C:\HTI\SISMED\SMED213.OBJ ACBP=A9
 0001:00001B54 00000054 C=CODE    S=_TEXT    G=(none)   M=C:\HTI\SISMED\SMED214.OBJ ACBP=A9
 0001:00001BA8 0000003A C=CODE    S=_TEXT    G=(none)   M=C:\HTI\SISMED\SMED220.OBJ ACBP=A9
 0001:00001BE4 0000003A C=CODE    S=_TEXT    G=(none)   M=C:\HTI\SISMED\SMED221.OBJ ACBP=A9
 0001:00001C20 0000003A C=CODE    S=_TEXT    G=(none)   M=C:\HTI\SISMED\SMED222.OBJ ACBP=A9
 0001:00001C5C 0000003A C=CODE    S=_TEXT    G=(none)   M=C:\HTI\SISMED\SMED223.OBJ ACBP=A9
 0001:00001C98 0000003A C=CODE    S=_TEXT    G=(none)   M=C:\HTI\SISMED\SMED230.OBJ ACBP=A9
 0001:00001CD4 0000003A C=CODE    S=_TEXT    G=(none)   M=C:\HTI\SISMED\SMED231.OBJ ACBP=A9
 0001:00001D10 0000003A C=CODE    S=_TEXT    G=(none)   M=C:\HTI\SISMED\SMED232.OBJ ACBP=A9
 0001:00001D4C 0000003A C=CODE    S=_TEXT    G=(none)   M=C:\HTI\SISMED\SMED233.OBJ ACBP=A9
 0001:00001D88 0000003A C=CODE    S=_TEXT    G=(none)   M=C:\HTI\SISMED\SMED240.OBJ ACBP=A9
 0001:00001DC4 0000003A C=CODE    S=_TEXT    G=(none)   M=C:\HTI\SISMED\SMED241.OBJ ACBP=A9
 0001:00001E00 0000003A C=CODE    S=_TEXT    G=(none)   M=C:\HTI\SISMED\SMED242.OBJ ACBP=A9
 0001:00001E3C 0000003A C=CODE    S=_TEXT    G=(none)   M=C:\HTI\SISMED\SMED243.OBJ ACBP=A9
 0001:00001E78 0000003A C=CODE    S=_TEXT    G=(none)   M=C:\HTI\SISMED\SMED250.OBJ ACBP=A9
 0001:00001EB4 0000003A C=CODE    S=_TEXT    G=(none)   M=C:\HTI\SISMED\SMED251.OBJ ACBP=A9
 0001:00001EF0 0000003A C=CODE    S=_TEXT    G=(none)   M=C:\HTI\SISMED\SMED252.OBJ ACBP=A9
 0001:00001F2C 0000003A C=CODE    S=_TEXT    G=(none)   M=C:\HTI\SISMED\SMED253.OBJ ACBP=A9
 0001:00001F68 0000003A C=CODE    S=_TEXT    G=(none)   M=C:\HTI\SISMED\SMED260.OBJ ACBP=A9
 0001:00001FA4 0000003A C=CODE    S=_TEXT    G=(none)   M=C:\HTI\SISMED\SMED261.OBJ ACBP=A9
 0001:00001FE0 0000003A C=CODE    S=_TEXT    G=(none)   M=C:\HTI\SISMED\SMED262.OBJ ACBP=A9
 0001:0000201C 0000003A C=CODE    S=_TEXT    G=(none)   M=C:\HTI\SISMED\SMED263.OBJ ACBP=A9
 0001:00002058 0000003A C=CODE    S=_TEXT    G=(none)   M=C:\HTI\SISMED\SMED270.OBJ ACBP=A9
 0001:00002094 0000003A C=CODE    S=_TEXT    G=(none)   M=C:\HTI\SISMED\SMED271.OBJ ACBP=A9
 0001:000020D0 0000003A C=CODE    S=_TEXT    G=(none)   M=C:\HTI\SISMED\SMED272.OBJ ACBP=A9
 0001:0000210C 0000003A C=CODE    S=_TEXT    G=(none)   M=C:\HTI\SISMED\SMED273.OBJ ACBP=A9
 0001:00002148 0000003A C=CODE    S=_TEXT    G=(none)   M=C:\HTI\SISMED\SMED280.OBJ ACBP=A9
 0001:00002184 0000003A C=CODE    S=_TEXT    G=(none)   M=C:\HTI\SISMED\SMED290.OBJ ACBP=A9
 0001:000021C0 00000054 C=CODE    S=_TEXT    G=(none)   M=C:\HTI\SISMED\SMED311.OBJ ACBP=A9
 0001:00002214 0000003A C=CODE    S=_TEXT    G=(none)   M=C:\HTI\SISMED\SMED312.OBJ ACBP=A9
 0001:00002250 0000003A C=CODE    S=_TEXT    G=(none)   M=C:\HTI\SISMED\SMED313.OBJ ACBP=A9
 0001:0000228C 0000003A C=CODE    S=_TEXT    G=(none)   M=C:\HTI\SISMED\SMED320.OBJ ACBP=A9
 0001:000022C8 0000006E C=CODE    S=_TEXT    G=(none)   M=C:\HTI\SISMED\SMED330.OBJ ACBP=A9
 0001:00002338 0000003A C=CODE    S=_TEXT    G=(none)   M=C:\HTI\SISMED\SMED340.OBJ ACBP=A9
 0001:00002374 0000003A C=CODE    S=_TEXT    G=(none)   M=C:\HTI\SISMED\SMED350.OBJ ACBP=A9
 0001:000023B0 0000003A C=CODE    S=_TEXT    G=(none)   M=C:\HTI\SISMED\SMED360.OBJ ACBP=A9
 0001:000023EC 00000054 C=CODE    S=_TEXT    G=(none)   M=C:\HTI\SISMED\SMED370.OBJ ACBP=A9
 0001:00002440 0000003A C=CODE    S=_TEXT    G=(none)   M=C:\HTI\SISMED\SMED400.OBJ ACBP=A9
 0001:0000247C 0000003A C=CODE    S=_TEXT    G=(none)   M=C:\HTI\SISMED\SMED410.OBJ ACBP=A9
 0001:000024B8 0000003A C=CODE    S=_TEXT    G=(none)   M=C:\HTI\SISMED\SMED420.OBJ ACBP=A9
 0001:000024F4 0000003A C=CODE    S=_TEXT    G=(none)   M=C:\HTI\SISMED\SMED430.OBJ ACBP=A9
 0001:00002530 0000003A C=CODE    S=_TEXT    G=(none)   M=C:\HTI\SISMED\SMED431.OBJ ACBP=A9
 0001:0000256C 0000003A C=CODE    S=_TEXT    G=(none)   M=C:\HTI\SISMED\SMED432.OBJ ACBP=A9
 0001:000025A8 0000008B C=CODE    S=_TEXT    G=(none)   M=C:\HTI\SISMED\SMED440.OBJ ACBP=A9
 0001:00002634 0000003A C=CODE    S=_TEXT    G=(none)   M=C:\HTI\SISMED\SMED442.OBJ ACBP=A9
 0001:00002670 00000054 C=CODE    S=_TEXT    G=(none)   M=C:\HTI\SISMED\SMED450.OBJ ACBP=A9
 0001:000026C4 0000003A C=CODE    S=_TEXT    G=(none)   M=C:\HTI\SISMED\SMED460.OBJ ACBP=A9
 0001:00002700 0000003A C=CODE    S=_TEXT    G=(none)   M=C:\HTI\SISMED\SMED461.OBJ ACBP=A9
 0001:0000273C 0000003A C=CODE    S=_TEXT    G=(none)   M=C:\HTI\SISMED\SMED470.OBJ ACBP=A9
 0001:00002778 0000003A C=CODE    S=_TEXT    G=(none)   M=C:\HTI\SISMED\SMED471.OBJ ACBP=A9
 0001:000027B4 0000003A C=CODE    S=_TEXT    G=(none)   M=C:\HTI\SISMED\SMED472.OBJ ACBP=A9
 0001:000027F0 0000003A C=CODE    S=_TEXT    G=(none)   M=C:\HTI\SISMED\SMED473.OBJ ACBP=A9
 0001:0000282C 0000003A C=CODE    S=_TEXT    G=(none)   M=C:\HTI\SISMED\SMED480.OBJ ACBP=A9
 0001:00002868 0000003A C=CODE    S=_TEXT    G=(none)   M=C:\HTI\SISMED\SMED481.OBJ ACBP=A9
 0001:000028A4 0000003A C=CODE    S=_TEXT    G=(none)   M=C:\HTI\SISMED\SMED500.OBJ ACBP=A9
 0001:000028E0 00000054 C=CODE    S=_TEXT    G=(none)   M=C:\HTI\SISMED\SMED510.OBJ ACBP=A9
 0001:00002934 00000054 C=CODE    S=_TEXT    G=(none)   M=C:\HTI\SISMED\SMED520.OBJ ACBP=A9
 0001:00002988 00000054 C=CODE    S=_TEXT    G=(none)   M=C:\HTI\SISMED\SMED530.OBJ ACBP=A9
 0001:000029DC 0000003A C=CODE    S=_TEXT    G=(none)   M=C:\HTI\SISMED\SMED540.OBJ ACBP=A9
 0001:00002A18 00000054 C=CODE    S=_TEXT    G=(none)   M=C:\HTI\SISMED\SMED541.OBJ ACBP=A9
 0001:00002A6C 0000003A C=CODE    S=_TEXT    G=(none)   M=C:\HTI\SISMED\SMED542.OBJ ACBP=A9
 0001:00002AA8 0000006E C=CODE    S=_TEXT    G=(none)   M=C:\HTI\SISMED\SMED550.OBJ ACBP=A9
 0001:00002B18 0000006E C=CODE    S=_TEXT    G=(none)   M=C:\HTI\SISMED\SMED560.OBJ ACBP=A9
 0001:00002B88 0000003A C=CODE    S=_TEXT    G=(none)   M=C:\HTI\SISMED\SMED570.OBJ ACBP=A9
 0001:00002BC4 0000006E C=CODE    S=_TEXT    G=(none)   M=C:\HTI\SISMED\SMED580.OBJ ACBP=A9
 0001:00002C34 00000071 C=CODE    S=_TEXT    G=(none)   M=C:\HTI\SISMED\SMED590.OBJ ACBP=A9
 0001:00002CA8 00000054 C=CODE    S=_TEXT    G=(none)   M=C:\HTI\SISMED\SMED591.OBJ ACBP=A9
 0001:00002CFC 00000088 C=CODE    S=_TEXT    G=(none)   M=C:\HTI\SISMED\SMED592.OBJ ACBP=A9
 0001:00002D84 0000003A C=CODE    S=_TEXT    G=(none)   M=C:\HTI\SISMED\SMED593.OBJ ACBP=A9
 0001:00002DC0 00000054 C=CODE    S=_TEXT    G=(none)   M=C:\HTI\SISMED\SMED594.OBJ ACBP=A9
 0001:00002E14 0000003A C=CODE    S=_TEXT    G=(none)   M=C:\HTI\SISMED\SMED595.OBJ ACBP=A9
 0001:00002E50 0000003A C=CODE    S=_TEXT    G=(none)   M=C:\HTI\SISMED\SMED700.OBJ ACBP=A9
 0001:00002E8C 0000003A C=CODE    S=_TEXT    G=(none)   M=C:\HTI\SISMED\SMED710.OBJ ACBP=A9
 0001:00002EC8 0000003A C=CODE    S=_TEXT    G=(none)   M=C:\HTI\SISMED\SMED720.OBJ ACBP=A9
 0001:00002F04 0000003A C=CODE    S=_TEXT    G=(none)   M=C:\HTI\SISMED\SMED900.OBJ ACBP=A9
 0001:00002F40 00000054 C=CODE    S=_TEXT    G=(none)   M=C:\HTI\SISMED\SMED5931.OBJ ACBP=A9
 0001:00002F94 00000054 C=CODE    S=_TEXT    G=(none)   M=C:\HTI\SISMED\SMED5932.OBJ ACBP=A9
 0001:00002FE8 00000054 C=CODE    S=_TEXT    G=(none)   M=C:\HTI\SISMED\SMED5933.OBJ ACBP=A9
 0001:0000303C 00000054 C=CODE    S=_TEXT    G=(none)   M=C:\HTI\SISMED\SMED5934.OBJ ACBP=A9
 0001:00003090 0000003A C=CODE    S=_TEXT    G=(none)   M=C:\HTI\SISMED\SMEDCDX.OBJ ACBP=A9
 0001:000030CC 0000003A C=CODE    S=_TEXT    G=(none)   M=C:\HTI\SISMED\SMEDCONS.OBJ ACBP=A9
 0001:00003108 0000003A C=CODE    S=_TEXT    G=(none)   M=C:\HTI\SISMED\SMEDENDO.OBJ ACBP=A9
 0001:00003144 00000088 C=CODE    S=_TEXT    G=(none)   M=C:\HTI\SISMED\SMEDEXA.OBJ ACBP=A9
 0001:000031CC 0000003A C=CODE    S=_TEXT    G=(none)   M=C:\HTI\SISMED\SMEDGUIA.OBJ ACBP=A9
 0001:00003208 0000003A C=CODE    S=_TEXT    G=(none)   M=C:\HTI\SISMED\SMEDPNE1.OBJ ACBP=A9
 0001:00003244 0000003A C=CODE    S=_TEXT    G=(none)   M=C:\HTI\SISMED\SMEDPNEU.OBJ ACBP=A9
 0001:00003280 0000003A C=CODE    S=_TEXT    G=(none)   M=C:\HTI\SISMED\SMEDRADI.OBJ ACBP=A9
 0001:000032BC 00000A31 C=CODE    S=_TEXT    G=(none)   M=C:\HTI\SISMED\SMEDROT.OBJ ACBP=A9
 0001:00003CF0 00000054 C=CODE    S=_TEXT    G=(none)   M=C:\HTI\SISMED\SACCFG.OBJ ACBP=A9
 0001:00003D44 0000003A C=CODE    S=_TEXT    G=(none)   M=C:\HTI\SISMED\SMEDDBF.OBJ ACBP=A9
 0001:00003D80 0000003A C=CODE    S=_TEXT    G=(none)   M=C:\HTI\SISMED\SMED482.OBJ ACBP=A9
 0001:00003DBC 0000003A C=CODE    S=_TEXT    G=(none)   M=C:\HTI\SISMED\CON221.OBJ ACBP=A9
 0001:00003DF8 0000003A C=CODE    S=_TEXT    G=(none)   M=C:\HTI\SISMED\CON2111.OBJ ACBP=A9
 0001:00003E34 0000003A C=CODE    S=_TEXT    G=(none)   M=C:\HTI\SISMED\CON215.OBJ ACBP=A9
 0001:00003E70 0000003A C=CODE    S=_TEXT    G=(none)   M=C:\HTI\SISMED\CON2511.OBJ ACBP=A9
 0001:00003EAC 0000003A C=CODE    S=_TEXT    G=(none)   M=C:\HTI\SISMED\CON425.OBJ ACBP=A9
 0001:00003EE8 0000003A C=CODE    S=_TEXT    G=(none)   M=C:\HTI\SISMED\CON422.OBJ ACBP=A9
 0001:00003F24 0000003A C=CODE    S=_TEXT    G=(none)   M=C:\HTI\SISMED\CON4201.OBJ ACBP=A9
 0001:00003F60 0000003A C=CODE    S=_TEXT    G=(none)   M=C:\HTI\SISMED\CON4202.OBJ ACBP=A9
 0001:00003F9C 0000003A C=CODE    S=_TEXT    G=(none)   M=C:\HTI\SISMED\CON4231.OBJ ACBP=A9
 0001:00003FD8 0000003A C=CODE    S=_TEXT    G=(none)   M=C:\HTI\SISMED\CON427.OBJ ACBP=A9
 0001:00004014 0000003A C=CODE    S=_TEXT    G=(none)   M=C:\HTI\SISMED\CON4203.OBJ ACBP=A9
 0001:00004050 0000003A C=CODE    S=_TEXT    G=(none)   M=C:\HTI\SISMED\CON4204.OBJ ACBP=A9
 0001:0000408C 0000003A C=CODE    S=_TEXT    G=(none)   M=C:\HTI\SISMED\CON4205.OBJ ACBP=A9
 0001:000040C8 0000003A C=CODE    S=_TEXT    G=(none)   M=C:\HTI\SISMED\CON4191.OBJ ACBP=A9
 0001:00004104 0000003A C=CODE    S=_TEXT    G=(none)   M=C:\HTI\SISMED\CON2411.OBJ ACBP=A9
 0001:00004140 0000003A C=CODE    S=_TEXT    G=(none)   M=C:\HTI\SISMED\CON2521.OBJ ACBP=A9
 0001:0000417C 0000003A C=CODE    S=_TEXT    G=(none)   M=C:\HTI\SISMED\CON241V.OBJ ACBP=A9
 0001:000041B8 0000003A C=CODE    S=_TEXT    G=(none)   M=C:\HTI\SISMED\SMED483.OBJ ACBP=A9
 0001:000041F4 00000054 C=CODE    S=_TEXT    G=(none)   M=C:\HTI\SISMED\SAC_DBF.OBJ ACBP=A9
 0001:00004248 000000A2 C=CODE    S=_TEXT    G=(none)   M=C:\HTI\SISMED\SAUTORIZA.OBJ ACBP=A9
 0001:000042EC 000000F0 C=CODE    S=_TEXT    G=(none)   M=C:\HTI\SISMED\IMPACBR.OBJ ACBP=A9
 0001:000043DC 00000088 C=CODE    S=_TEXT    G=(none)   M=C:\HTI\SISMED\SMEDHIST.OBJ ACBP=A9
 0001:00004464 00000054 C=CODE    S=_TEXT    G=(none)   M=C:\HTI\SISMED\SACTIPDC.OBJ ACBP=A9
 0001:000044B8 00000010 C=CODE    S=_TEXT    G=(none)   M=C:\XHARBOUR997\LIB\LANG.LIB|msgen ACBP=A9
 0001:000044C8 00000010 C=CODE    S=_TEXT    G=(none)   M=C:\XHARBOUR997\LIB\LANG.LIB|msges ACBP=A9
 0001:000044D8 00001613 C=CODE    S=_TEXT    G=(none)   M=C:\XHARBOUR997\LIB\VM.LIB|arrays ACBP=A9
 0001:00005AEC 0000352B C=CODE    S=_TEXT    G=(none)   M=C:\XHARBOUR997\LIB\VM.LIB|arrayshb ACBP=A9
 0001:00009018 00000469 C=CODE    S=_TEXT    G=(none)   M=C:\XHARBOUR997\LIB\VM.LIB|asort ACBP=A9
 0001:00009484 00000014 C=CODE    S=_TEXT    G=(none)   M=C:\XHARBOUR997\LIB\VM.LIB|break ACBP=A9
 0001:00009498 00005508 C=CODE    S=_TEXT    G=(none)   M=C:\XHARBOUR997\LIB\VM.LIB|classes ACBP=A9
 0001:0000E9A0 000005B0 C=CODE    S=_TEXT    G=(none)   M=C:\XHARBOUR997\LIB\VM.LIB|cmdarg ACBP=A9
 0001:0000EF50 0000032D C=CODE    S=_TEXT    G=(none)   M=C:\XHARBOUR997\LIB\VM.LIB|codebloc ACBP=A9
 0001:0000F280 0000024A C=CODE    S=_TEXT    G=(none)   M=C:\XHARBOUR997\LIB\VM.LIB|do ACBP=A9
 0001:0000F4CC 000006D3 C=CODE    S=_TEXT    G=(none)   M=C:\XHARBOUR997\LIB\VM.LIB|dynsym ACBP=A9
 0001:0000FBA0 000016A7 C=CODE    S=_TEXT    G=(none)   M=C:\XHARBOUR997\LIB\VM.LIB|errorapi ACBP=A9
 0001:00011248 00000850 C=CODE    S=_TEXT    G=(none)   M=C:\XHARBOUR997\LIB\VM.LIB|estack ACBP=A9
 0001:00011A98 00000B03 C=CODE    S=_TEXT    G=(none)   M=C:\XHARBOUR997\LIB\VM.LIB|eval ACBP=A9
 0001:0001259C 000000D2 C=CODE    S=_TEXT    G=(none)   M=C:\XHARBOUR997\LIB\VM.LIB|evalhb ACBP=A9
 0001:00012670 00001BC0 C=CODE    S=_TEXT    G=(none)   M=C:\XHARBOUR997\LIB\VM.LIB|extend ACBP=A9
 0001:00014230 000003B5 C=CODE    S=_TEXT    G=(none)   M=C:\XHARBOUR997\LIB\VM.LIB|fm ACBP=A9
 0001:000145E8 00000707 C=CODE    S=_TEXT    G=(none)   M=C:\XHARBOUR997\LIB\VM.LIB|garbage ACBP=A9
 0001:00014CF0 0000341B C=CODE    S=_TEXT    G=(none)   M=C:\XHARBOUR997\LIB\VM.LIB|hash ACBP=A9
 0001:0001810C 000011DA C=CODE    S=_TEXT    G=(none)   M=C:\XHARBOUR997\LIB\VM.LIB|hbi18n ACBP=A9
 0001:000192E8 000123B6 C=CODE    S=_TEXT    G=(none)   M=C:\XHARBOUR997\LIB\VM.LIB|hvm ACBP=A9
 0001:0002B6A0 000026F7 C=CODE    S=_TEXT    G=(none)   M=C:\XHARBOUR997\LIB\VM.LIB|inet ACBP=A9
 0001:0002DD98 00000006 C=CODE    S=_TEXT    G=(none)   M=C:\XHARBOUR997\LIB\VM.LIB|initexit ACBP=A9
 0001:0002DDA0 00000017 C=CODE    S=_TEXT    G=(none)   M=C:\XHARBOUR997\LIB\VM.LIB|initsymb ACBP=A9
 0001:0002DDB8 00001A70 C=CODE    S=_TEXT    G=(none)   M=C:\XHARBOUR997\LIB\VM.LIB|itemapi ACBP=A9
 0001:0002F828 00000B3F C=CODE    S=_TEXT    G=(none)   M=C:\XHARBOUR997\LIB\VM.LIB|fastitem ACBP=A9
 0001:00030368 00001C7F C=CODE    S=_TEXT    G=(none)   M=C:\XHARBOUR997\LIB\VM.LIB|macro ACBP=A9
 0001:00031FE8 0000011D C=CODE    S=_TEXT    G=(none)   M=C:\XHARBOUR997\LIB\VM.LIB|mainwin ACBP=A9
 0001:00032108 00001DE8 C=CODE    S=_TEXT    G=(none)   M=C:\XHARBOUR997\LIB\VM.LIB|memvars ACBP=A9
 0001:00033EF0 00000039 C=CODE    S=_TEXT    G=(none)   M=C:\XHARBOUR997\LIB\VM.LIB|pcount ACBP=A9
 0001:00033F2C 00000541 C=CODE    S=_TEXT    G=(none)   M=C:\XHARBOUR997\LIB\VM.LIB|proc ACBP=A9
 0001:00034470 000000E4 C=CODE    S=_TEXT    G=(none)   M=C:\XHARBOUR997\LIB\VM.LIB|thread ACBP=A9
 0001:00034554 00000072 C=CODE    S=_TEXT    G=(none)   M=C:\XHARBOUR997\LIB\VM.LIB|throw ACBP=A9
 0001:000345C8 000000DA C=CODE    S=_TEXT    G=(none)   M=C:\XHARBOUR997\LIB\VM.LIB|harbinit ACBP=A9
 0001:000346A4 00000178 C=CODE    S=_TEXT    G=(none)   M=C:\XHARBOUR997\LIB\RTL.LIB|abs ACBP=A9
 0001:0003481C 000002AF C=CODE    S=_TEXT    G=(none)   M=C:\XHARBOUR997\LIB\RTL.LIB|at ACBP=A9
 0001:00034ACC 00000558 C=CODE    S=_TEXT    G=(none)   M=C:\XHARBOUR997\LIB\RTL.LIB|bkgtsks ACBP=A9
 0001:00035024 000001CF C=CODE    S=_TEXT    G=(none)   M=C:\XHARBOUR997\LIB\RTL.LIB|binnum ACBP=A9
 0001:000351F4 00000130 C=CODE    S=_TEXT    G=(none)   M=C:\XHARBOUR997\LIB\RTL.LIB|binnumx ACBP=A9
 0001:00035324 0000017D C=CODE    S=_TEXT    G=(none)   M=C:\XHARBOUR997\LIB\RTL.LIB|box ACBP=A9
 0001:000354A4 00000F20 C=CODE    S=_TEXT    G=(none)   M=C:\XHARBOUR997\LIB\RTL.LIB|cdpapi ACBP=A9
 0001:000363C4 000000A2 C=CODE    S=_TEXT    G=(none)   M=C:\XHARBOUR997\LIB\RTL.LIB|chrasc ACBP=A9
 0001:00036468 000000B6 C=CODE    S=_TEXT    G=(none)   M=C:\XHARBOUR997\LIB\RTL.LIB|colorind ACBP=A9
 0001:00036520 00000975 C=CODE    S=_TEXT    G=(none)   M=C:\XHARBOUR997\LIB\RTL.LIB|console ACBP=A9
 0001:00036E98 00000143 C=CODE    S=_TEXT    G=(none)   M=C:\XHARBOUR997\LIB\RTL.LIB|datec ACBP=A9
 0001:00036FDC 000007F7 C=CODE    S=_TEXT    G=(none)   M=C:\XHARBOUR997\LIB\RTL.LIB|dates ACBP=A9
 0001:000377D4 000005DD C=CODE    S=_TEXT    G=(none)   M=C:\XHARBOUR997\LIB\RTL.LIB|dateshb ACBP=A9
 0001:00037DB4 000000F8 C=CODE    S=_TEXT    G=(none)   M=C:\XHARBOUR997\LIB\RTL.LIB|descend ACBP=A9
 0001:00037EAC 000001F0 C=CODE    S=_TEXT    G=(none)   M=C:\XHARBOUR997\LIB\RTL.LIB|dirdrive ACBP=A9
 0001:0003809C 000007D8 C=CODE    S=_TEXT    G=(none)   M=C:\XHARBOUR997\LIB\RTL.LIB|direct ACBP=A9
 0001:00038874 000001C8 C=CODE    S=_TEXT    G=(none)   M=C:\XHARBOUR997\LIB\RTL.LIB|diskspac ACBP=A9
 0001:00038A3C 00000188 C=CODE    S=_TEXT    G=(none)   M=C:\XHARBOUR997\LIB\RTL.LIB|empty ACBP=A9
 0001:00038BC4 00000138 C=CODE    S=_TEXT    G=(none)   M=C:\XHARBOUR997\LIB\RTL.LIB|file ACBP=A9
 0001:00038CFC 00000072 C=CODE    S=_TEXT    G=(none)   M=C:\XHARBOUR997\LIB\RTL.LIB|filehb ACBP=A9
 0001:00038D70 0000151F C=CODE    S=_TEXT    G=(none)   M=C:\XHARBOUR997\LIB\RTL.LIB|filesys ACBP=A9
 0001:0003A290 000000B8 C=CODE    S=_TEXT    G=(none)   M=C:\XHARBOUR997\LIB\RTL.LIB|fserror ACBP=A9
 0001:0003A348 000000D9 C=CODE    S=_TEXT    G=(none)   M=C:\XHARBOUR997\LIB\RTL.LIB|fnsplit ACBP=A9
 0001:0003A424 00000912 C=CODE    S=_TEXT    G=(none)   M=C:\XHARBOUR997\LIB\RTL.LIB|fparse ACBP=A9
 0001:0003AD38 000000AF C=CODE    S=_TEXT    G=(none)   M=C:\XHARBOUR997\LIB\RTL.LIB|fssize ACBP=A9
 0001:0003ADE8 0000012B C=CODE    S=_TEXT    G=(none)   M=C:\XHARBOUR997\LIB\RTL.LIB|fstemp ACBP=A9
 0001:0003AF14 000000A2 C=CODE    S=_TEXT    G=(none)   M=C:\XHARBOUR997\LIB\RTL.LIB|gete ACBP=A9
 0001:0003AFB8 00000037 C=CODE    S=_TEXT    G=(none)   M=C:\XHARBOUR997\LIB\RTL.LIB|gt ACBP=A9
 0001:0003AFF0 00003F63 C=CODE    S=_TEXT    G=(none)   M=C:\XHARBOUR997\LIB\RTL.LIB|gtapi ACBP=A9
 0001:0003EF54 00000526 C=CODE    S=_TEXT    G=(none)   M=C:\XHARBOUR997\LIB\RTL.LIB|gx ACBP=A9
 0001:0003F47C 000003E8 C=CODE    S=_TEXT    G=(none)   M=C:\XHARBOUR997\LIB\RTL.LIB|hbbitf ACBP=A9
 0001:0003F864 00000835 C=CODE    S=_TEXT    G=(none)   M=C:\XHARBOUR997\LIB\RTL.LIB|hbffind ACBP=A9
 0001:0004009C 0000044B C=CODE    S=_TEXT    G=(none)   M=C:\XHARBOUR997\LIB\RTL.LIB|hbhex2n ACBP=A9
 0001:000404E8 000002A8 C=CODE    S=_TEXT    G=(none)   M=C:\XHARBOUR997\LIB\RTL.LIB|hbrandom ACBP=A9
 0001:00040790 000006DE C=CODE    S=_TEXT    G=(none)   M=C:\XHARBOUR997\LIB\RTL.LIB|hbsrlraw ACBP=A9
 0001:00040E70 000003F7 C=CODE    S=_TEXT    G=(none)   M=C:\XHARBOUR997\LIB\RTL.LIB|idle ACBP=A9
 0001:00041268 000007E5 C=CODE    S=_TEXT    G=(none)   M=C:\XHARBOUR997\LIB\RTL.LIB|inkey ACBP=A9
 0001:00041A50 0000030F C=CODE    S=_TEXT    G=(none)   M=C:\XHARBOUR997\LIB\RTL.LIB|is ACBP=A9
 0001:00041D60 000002E1 C=CODE    S=_TEXT    G=(none)   M=C:\XHARBOUR997\LIB\RTL.LIB|isprint ACBP=A9
 0001:00042044 00000273 C=CODE    S=_TEXT    G=(none)   M=C:\XHARBOUR997\LIB\RTL.LIB|langapi ACBP=A9
 0001:000422B8 000000B3 C=CODE    S=_TEXT    G=(none)   M=C:\XHARBOUR997\LIB\RTL.LIB|left ACBP=A9
 0001:0004236C 0000006A C=CODE    S=_TEXT    G=(none)   M=C:\XHARBOUR997\LIB\RTL.LIB|len ACBP=A9
 0001:000423D8 00000052 C=CODE    S=_TEXT    G=(none)   M=C:\XHARBOUR997\LIB\RTL.LIB|lennum ACBP=A9
 0001:0004242C 00000951 C=CODE    S=_TEXT    G=(none)   M=C:\XHARBOUR997\LIB\RTL.LIB|math ACBP=A9
 0001:00042D80 000000C5 C=CODE    S=_TEXT    G=(none)   M=C:\XHARBOUR997\LIB\RTL.LIB|maxrow ACBP=A9
 0001:00042E48 00000157 C=CODE    S=_TEXT    G=(none)   M=C:\XHARBOUR997\LIB\RTL.LIB|memofile ACBP=A9
 0001:00042FA0 000004D7 C=CODE    S=_TEXT    G=(none)   M=C:\XHARBOUR997\LIB\RTL.LIB|minmax ACBP=A9
 0001:00043478 000003C5 C=CODE    S=_TEXT    G=(none)   M=C:\XHARBOUR997\LIB\RTL.LIB|mouseapi ACBP=A9
 0001:00043840 0000012C C=CODE    S=_TEXT    G=(none)   M=C:\XHARBOUR997\LIB\RTL.LIB|natmsg ACBP=A9
 0001:0004396C 00000049 C=CODE    S=_TEXT    G=(none)   M=C:\XHARBOUR997\LIB\RTL.LIB|net ACBP=A9
 0001:000439B8 000000AE C=CODE    S=_TEXT    G=(none)   M=C:\XHARBOUR997\LIB\RTL.LIB|oemansi ACBP=A9
 0001:00043A68 00000122 C=CODE    S=_TEXT    G=(none)   M=C:\XHARBOUR997\LIB\RTL.LIB|padc ACBP=A9
 0001:00043B8C 000000F0 C=CODE    S=_TEXT    G=(none)   M=C:\XHARBOUR997\LIB\RTL.LIB|padl ACBP=A9
 0001:00043C7C 000000EB C=CODE    S=_TEXT    G=(none)   M=C:\XHARBOUR997\LIB\RTL.LIB|padr ACBP=A9
 0001:00043D68 00000A48 C=CODE    S=_TEXT    G=(none)   M=C:\XHARBOUR997\LIB\RTL.LIB|philes ACBP=A9
 0001:000447B0 0000009F C=CODE    S=_TEXT    G=(none)   M=C:\XHARBOUR997\LIB\RTL.LIB|philesx ACBP=A9
 0001:00044850 00000098 C=CODE    S=_TEXT    G=(none)   M=C:\XHARBOUR997\LIB\RTL.LIB|rat ACBP=A9
 0001:000448E8 00001188 C=CODE    S=_TEXT    G=(none)   M=C:\XHARBOUR997\LIB\RTL.LIB|regex ACBP=A9
 0001:00045A70 00000134 C=CODE    S=_TEXT    G=(none)   M=C:\XHARBOUR997\LIB\RTL.LIB|replic ACBP=A9
 0001:00045BA4 0000005D C=CODE    S=_TEXT    G=(none)   M=C:\XHARBOUR997\LIB\RTL.LIB|right ACBP=A9
 0001:00045C04 00000125 C=CODE    S=_TEXT    G=(none)   M=C:\XHARBOUR997\LIB\RTL.LIB|round ACBP=A9
 0001:00045D2C 000001F0 C=CODE    S=_TEXT    G=(none)   M=C:\XHARBOUR997\LIB\RTL.LIB|samples ACBP=A9
 0001:00045F1C 000001B0 C=CODE    S=_TEXT    G=(none)   M=C:\XHARBOUR997\LIB\RTL.LIB|saverest ACBP=A9
 0001:000460CC 00000103 C=CODE    S=_TEXT    G=(none)   M=C:\XHARBOUR997\LIB\RTL.LIB|scroll ACBP=A9
 0001:000461D0 000001DC C=CODE    S=_TEXT    G=(none)   M=C:\XHARBOUR997\LIB\RTL.LIB|seconds ACBP=A9
 0001:000463AC 00002716 C=CODE    S=_TEXT    G=(none)   M=C:\XHARBOUR997\LIB\RTL.LIB|set ACBP=A9
 0001:00048AC4 000000E6 C=CODE    S=_TEXT    G=(none)   M=C:\XHARBOUR997\LIB\RTL.LIB|setcolor ACBP=A9
 0001:00048BAC 0000005C C=CODE    S=_TEXT    G=(none)   M=C:\XHARBOUR997\LIB\RTL.LIB|setcurs ACBP=A9
 0001:00048C08 00000579 C=CODE    S=_TEXT    G=(none)   M=C:\XHARBOUR997\LIB\RTL.LIB|setkey ACBP=A9
 0001:00049184 0000007D C=CODE    S=_TEXT    G=(none)   M=C:\XHARBOUR997\LIB\RTL.LIB|setpos ACBP=A9
 0001:00049204 0000002C C=CODE    S=_TEXT    G=(none)   M=C:\XHARBOUR997\LIB\RTL.LIB|setposbs ACBP=A9
 0001:00049230 00000079 C=CODE    S=_TEXT    G=(none)   M=C:\XHARBOUR997\LIB\RTL.LIB|space ACBP=A9
 0001:000492AC 00000224 C=CODE    S=_TEXT    G=(none)   M=C:\XHARBOUR997\LIB\RTL.LIB|spfiles ACBP=A9
 0001:000494D0 00000191 C=CODE    S=_TEXT    G=(none)   M=C:\XHARBOUR997\LIB\RTL.LIB|str ACBP=A9
 0001:00049664 0000029E C=CODE    S=_TEXT    G=(none)   M=C:\XHARBOUR997\LIB\RTL.LIB|strcase ACBP=A9
 0001:00049904 0000012B C=CODE    S=_TEXT    G=(none)   M=C:\XHARBOUR997\LIB\RTL.LIB|strdel ACBP=A9
 0001:00049A30 00000035 C=CODE    S=_TEXT    G=(none)   M=C:\XHARBOUR997\LIB\RTL.LIB|strings ACBP=A9
 0001:00049A68 00000424 C=CODE    S=_TEXT    G=(none)   M=C:\XHARBOUR997\LIB\RTL.LIB|strmatch ACBP=A9
 0001:00049E8C 000002DB C=CODE    S=_TEXT    G=(none)   M=C:\XHARBOUR997\LIB\RTL.LIB|strtran ACBP=A9
 0001:0004A168 00000124 C=CODE    S=_TEXT    G=(none)   M=C:\XHARBOUR997\LIB\RTL.LIB|strzero ACBP=A9
 0001:0004A28C 00000168 C=CODE    S=_TEXT    G=(none)   M=C:\XHARBOUR997\LIB\RTL.LIB|stuff ACBP=A9
 0001:0004A3F4 00000124 C=CODE    S=_TEXT    G=(none)   M=C:\XHARBOUR997\LIB\RTL.LIB|substr ACBP=A9
 0001:0004A518 00000218 C=CODE    S=_TEXT    G=(none)   M=C:\XHARBOUR997\LIB\RTL.LIB|teditorl ACBP=A9
 0001:0004A730 00000058 C=CODE    S=_TEXT    G=(none)   M=C:\XHARBOUR997\LIB\RTL.LIB|tone ACBP=A9
 0001:0004A788 00000B6D C=CODE    S=_TEXT    G=(none)   M=C:\XHARBOUR997\LIB\RTL.LIB|tprinter ACBP=A9
 0001:0004B2F8 00000130 C=CODE    S=_TEXT    G=(none)   M=C:\XHARBOUR997\LIB\RTL.LIB|trace ACBP=A9
 0001:0004B428 000018E4 C=CODE    S=_TEXT    G=(none)   M=C:\XHARBOUR997\LIB\RTL.LIB|transfrm ACBP=A9
 0001:0004CD0C 0000021C C=CODE    S=_TEXT    G=(none)   M=C:\XHARBOUR997\LIB\RTL.LIB|trim ACBP=A9
 0001:0004CF28 00000F92 C=CODE    S=_TEXT    G=(none)   M=C:\XHARBOUR997\LIB\RTL.LIB|txtline ACBP=A9
 0001:0004DEBC 00000066 C=CODE    S=_TEXT    G=(none)   M=C:\XHARBOUR997\LIB\RTL.LIB|type ACBP=A9
 0001:0004DF24 00000091 C=CODE    S=_TEXT    G=(none)   M=C:\XHARBOUR997\LIB\RTL.LIB|val ACBP=A9
 0001:0004DFB8 00000049 C=CODE    S=_TEXT    G=(none)   M=C:\XHARBOUR997\LIB\RTL.LIB|valtostr ACBP=A9
 0001:0004E004 00000270 C=CODE    S=_TEXT    G=(none)   M=C:\XHARBOUR997\LIB\RTL.LIB|valtype ACBP=A9
 0001:0004E274 0000035C C=CODE    S=_TEXT    G=(none)   M=C:\XHARBOUR997\LIB\RTL.LIB|version ACBP=A9
 0001:0004E5D0 00000042 C=CODE    S=_TEXT    G=(none)   M=C:\XHARBOUR997\LIB\RTL.LIB|word ACBP=A9
 0001:0004E614 00000057 C=CODE    S=_TEXT    G=(none)   M=C:\XHARBOUR997\LIB\RTL.LIB|xhelp ACBP=A9
 0001:0004E66C 000000DE C=CODE    S=_TEXT    G=(none)   M=C:\XHARBOUR997\LIB\RTL.LIB|xsavescr ACBP=A9
 0001:0004E74C 00000234 C=CODE    S=_TEXT    G=(none)   M=C:\XHARBOUR997\LIB\RTL.LIB|achoice ACBP=A9
 0001:0004E980 0000007A C=CODE    S=_TEXT    G=(none)   M=C:\XHARBOUR997\LIB\RTL.LIB|alert ACBP=A9
 0001:0004E9FC 00000032 C=CODE    S=_TEXT    G=(none)   M=C:\XHARBOUR997\LIB\RTL.LIB|browdb ACBP=A9
 0001:0004EA30 0000016A C=CODE    S=_TEXT    G=(none)   M=C:\XHARBOUR997\LIB\RTL.LIB|color53 ACBP=A9
 0001:0004EB9C 000000AA C=CODE    S=_TEXT    G=(none)   M=C:\XHARBOUR997\LIB\RTL.LIB|cstr ACBP=A9
 0001:0004EC48 00000032 C=CODE    S=_TEXT    G=(none)   M=C:\XHARBOUR997\LIB\RTL.LIB|devoutp ACBP=A9
 0001:0004EC7C 0000007A C=CODE    S=_TEXT    G=(none)   M=C:\XHARBOUR997\LIB\RTL.LIB|getlist ACBP=A9
 0001:0004ECF8 00000242 C=CODE    S=_TEXT    G=(none)   M=C:\XHARBOUR997\LIB\RTL.LIB|getsys ACBP=A9
 0001:0004EF3C 00000062 C=CODE    S=_TEXT    G=(none)   M=C:\XHARBOUR997\LIB\RTL.LIB|hbserial ACBP=A9
 0001:0004EFA0 00000396 C=CODE    S=_TEXT    G=(none)   M=C:\XHARBOUR997\LIB\RTL.LIB|listbox ACBP=A9
 0001:0004F338 000000DA C=CODE    S=_TEXT    G=(none)   M=C:\XHARBOUR997\LIB\RTL.LIB|memoedit ACBP=A9
 0001:0004F414 00000032 C=CODE    S=_TEXT    G=(none)   M=C:\XHARBOUR997\LIB\RTL.LIB|memvarbl ACBP=A9
 0001:0004F448 0000007A C=CODE    S=_TEXT    G=(none)   M=C:\XHARBOUR997\LIB\RTL.LIB|menuto ACBP=A9
 0001:0004F4C4 0000010A C=CODE    S=_TEXT    G=(none)   M=C:\XHARBOUR997\LIB\RTL.LIB|mssgline ACBP=A9
 0001:0004F5D0 00000212 C=CODE    S=_TEXT    G=(none)   M=C:\XHARBOUR997\LIB\RTL.LIB|objfunc ACBP=A9
 0001:0004F7E4 0000004A C=CODE    S=_TEXT    G=(none)   M=C:\XHARBOUR997\LIB\RTL.LIB|readvar ACBP=A9
 0001:0004F830 00000182 C=CODE    S=_TEXT    G=(none)   M=C:\XHARBOUR997\LIB\RTL.LIB|scrollbr ACBP=A9
 0001:0004F9B4 000000C2 C=CODE    S=_TEXT    G=(none)   M=C:\XHARBOUR997\LIB\RTL.LIB|tbcolumn ACBP=A9
 0001:0004FA78 00000756 C=CODE    S=_TEXT    G=(none)   M=C:\XHARBOUR997\LIB\RTL.LIB|tbrowse ACBP=A9
 0001:000501D0 0000040E C=CODE    S=_TEXT    G=(none)   M=C:\XHARBOUR997\LIB\RTL.LIB|tclass ACBP=A9
 0001:000505E0 0000064E C=CODE    S=_TEXT    G=(none)   M=C:\XHARBOUR997\LIB\RTL.LIB|teditor ACBP=A9
 0001:00050C30 0000004A C=CODE    S=_TEXT    G=(none)   M=C:\XHARBOUR997\LIB\RTL.LIB|terror ACBP=A9
 0001:00050C7C 0000043E C=CODE    S=_TEXT    G=(none)   M=C:\XHARBOUR997\LIB\RTL.LIB|tget ACBP=A9
 0001:000510BC 00000062 C=CODE    S=_TEXT    G=(none)   M=C:\XHARBOUR997\LIB\RTL.LIB|tgetint ACBP=A9
 0001:00051120 000002A6 C=CODE    S=_TEXT    G=(none)   M=C:\XHARBOUR997\LIB\RTL.LIB|tgetlist ACBP=A9
 0001:000513C8 000000F2 C=CODE    S=_TEXT    G=(none)   M=C:\XHARBOUR997\LIB\RTL.LIB|tlabel ACBP=A9
 0001:000514BC 000000DA C=CODE    S=_TEXT    G=(none)   M=C:\XHARBOUR997\LIB\RTL.LIB|tobject ACBP=A9
 0001:00051598 0000004A C=CODE    S=_TEXT    G=(none)   M=C:\XHARBOUR997\LIB\RTL.LIB|traceprg ACBP=A9
 0001:000515E4 00000062 C=CODE    S=_TEXT    G=(none)   M=C:\XHARBOUR997\LIB\RTL.LIB|ttextlin ACBP=A9
 0001:00051648 00002591 C=CODE    S=_TEXT    G=(none)   M=C:\XHARBOUR997\LIB\RTL.LIB|win32ole ACBP=A9
 0001:00053BDC 000003D3 C=CODE    S=_TEXT    G=(none)   M=C:\XHARBOUR997\LIB\RTL.LIB|winos ACBP=A9
 0001:00053FB0 0000032E C=CODE    S=_TEXT    G=(none)   M=C:\XHARBOUR997\LIB\RTL.LIB|winreg ACBP=A9
 0001:000542E0 00006006 C=CODE    S=_TEXT    G=(none)   M=C:\XHARBOUR997\LIB\RDD.LIB|dbcmd ACBP=A9
 0001:0005A2E8 00001A7B C=CODE    S=_TEXT    G=(none)   M=C:\XHARBOUR997\LIB\RDD.LIB|workarea ACBP=A9
 0001:0005BD64 00005FD8 C=CODE    S=_TEXT    G=(none)   M=C:\XHARBOUR997\LIB\RDD.LIB|dbf1 ACBP=A9
 0001:00061D3C 00000695 C=CODE    S=_TEXT    G=(none)   M=C:\XHARBOUR997\LIB\RDD.LIB|hbdbsort ACBP=A9
 0001:000623D4 000000DA C=CODE    S=_TEXT    G=(none)   M=C:\XHARBOUR997\LIB\RDD.LIB|rddord ACBP=A9
 0001:000624B0 00000032 C=CODE    S=_TEXT    G=(none)   M=C:\XHARBOUR997\LIB\RDD.LIB|rddsys ACBP=A9
 0001:000624E4 000041D9 C=CODE    S=_TEXT    G=(none)   M=C:\XHARBOUR997\LIB\MACRO.LIB|macroy ACBP=A9
 0001:000666C0 00000319 C=CODE    S=_TEXT    G=(none)   M=C:\XHARBOUR997\LIB\MACRO.LIB|macroa ACBP=A9
 0001:000669DC 000058A1 C=CODE    S=_TEXT    G=(none)   M=C:\XHARBOUR997\LIB\MACRO.LIB|macrob ACBP=A9
 0001:0006C280 000007E8 C=CODE    S=_TEXT    G=(none)   M=C:\XHARBOUR997\LIB\MACRO.LIB|macroc ACBP=A9
 0001:0006CA68 00001CCE C=CODE    S=_TEXT    G=(none)   M=C:\XHARBOUR997\LIB\MACRO.LIB|macroslx ACBP=A9
 0001:0006E738 0000A74C C=CODE    S=_TEXT    G=(none)   M=C:\XHARBOUR997\LIB\DBFNTX.LIB|dbfntx1 ACBP=A9
 0001:00078E84 00006620 C=CODE    S=_TEXT    G=(none)   M=C:\XHARBOUR997\LIB\DBFFPT.LIB|dbffpt1 ACBP=A9
 0001:0007F4A4 0000CC94 C=CODE    S=_TEXT    G=(none)   M=C:\XHARBOUR997\LIB\DBFCDX.LIB|dbfcdx1 ACBP=A9
 0001:0008C138 0000018C C=CODE    S=_TEXT    G=(none)   M=C:\XHARBOUR997\LIB\WVWTOOLS.LIB|gchckbox ACBP=A9
 0001:0008C2C4 000003CB C=CODE    S=_TEXT    G=(none)   M=C:\XHARBOUR997\LIB\WVWTOOLS.LIB|getsys ACBP=A9
 0001:0008C690 00000481 C=CODE    S=_TEXT    G=(none)   M=C:\XHARBOUR997\LIB\WVWTOOLS.LIB|glistbox ACBP=A9
 0001:0008CB14 000001A6 C=CODE    S=_TEXT    G=(none)   M=C:\XHARBOUR997\LIB\WVWTOOLS.LIB|gpushbtn ACBP=A9
 0001:0008CCBC 00000228 C=CODE    S=_TEXT    G=(none)   M=C:\XHARBOUR997\LIB\WVWTOOLS.LIB|gradigrp ACBP=A9
 0001:0008CEE4 00019F0E C=CODE    S=_TEXT    G=(none)   M=C:\XHARBOUR997\LIB\WVWTOOLS.LIB|gtwvw ACBP=A9
 0001:000A6DF4 00000088 C=CODE    S=_TEXT    G=(none)   M=C:\XHARBOUR997\LIB\WVWTOOLS.LIB|middlwvw ACBP=A9
 0001:000A6E7C 00000172 C=CODE    S=_TEXT    G=(none)   M=C:\XHARBOUR997\LIB\WVWTOOLS.LIB|tappl ACBP=A9
 0001:000A6FF0 00000315 C=CODE    S=_TEXT    G=(none)   M=C:\XHARBOUR997\LIB\WVWTOOLS.LIB|tgetlist ACBP=A9
 0001:000A7308 00000481 C=CODE    S=_TEXT    G=(none)   M=C:\XHARBOUR997\LIB\WVWTOOLS.LIB|ttabpage ACBP=A9
 0001:000A778C 00000794 C=CODE    S=_TEXT    G=(none)   M=C:\XHARBOUR997\LIB\WVWTOOLS.LIB|twindows ACBP=A9
 0001:000A7F20 000003AB C=CODE    S=_TEXT    G=(none)   M=C:\XHARBOUR997\LIB\WVWTOOLS.LIB|winapi ACBP=A9
 0001:000A82CC 000003A3 C=CODE    S=_TEXT    G=(none)   M=C:\XHARBOUR997\LIB\WVWTOOLS.LIB|wvwmisc ACBP=A9
 0001:000A8670 0000195A C=CODE    S=_TEXT    G=(none)   M=C:\SQLRDD997\LIB\BC5\SQL.LIB|sqly ACBP=A9
 0001:000A9FCC 000002FB C=CODE    S=_TEXT    G=(none)   M=C:\SQLRDD997\LIB\BC5\SQL.LIB|sqlconnection ACBP=A9
 0001:000AA2C8 00000922 C=CODE    S=_TEXT    G=(none)   M=C:\SQLRDD997\LIB\BC5\SQL.LIB|sqlrdd0 ACBP=A9
 0001:000AABEC 00000AE7 C=CODE    S=_TEXT    G=(none)   M=C:\SQLRDD997\LIB\BC5\SQL.LIB|sqlrdd2 ACBP=A9
 0001:000AB6D4 00000748 C=CODE    S=_TEXT    G=(none)   M=C:\SQLRDD997\LIB\BC5\SQL.LIB|utils ACBP=A9
 0001:000ABE1C 000002CF C=CODE    S=_TEXT    G=(none)   M=C:\SQLRDD997\LIB\BC5\SQL.LIB|sqlgen1 ACBP=A9
 0001:000AC0EC 0000013A C=CODE    S=_TEXT    G=(none)   M=C:\SQLRDD997\LIB\BC5\SQL.LIB|utilslang ACBP=A9
 0001:000AC228 00000172 C=CODE    S=_TEXT    G=(none)   M=C:\SQLRDD997\LIB\BC5\SQL.LIB|sqlfirebird ACBP=A9
 0001:000AC39C 00001088 C=CODE    S=_TEXT    G=(none)   M=C:\SQLRDD997\LIB\BC5\SQL.LIB|sqlact ACBP=A9
 0001:000AD424 000021CD C=CODE    S=_TEXT    G=(none)   M=C:\SQLRDD997\LIB\BC5\SQL.LIB|firebird ACBP=A9
 0001:000AF5F4 00001646 C=CODE    S=_TEXT    G=(none)   M=C:\SQLRDD997\LIB\BC5\SQL.LIB|sqllex ACBP=A9
 0001:000B0C3C 000050D5 C=CODE    S=_TEXT    G=(none)   M=C:\SQLRDD997\LIB\BC5\SQL.LIB|sqlrdd1 ACBP=A9
 0001:000B5D14 0000EBA9 C=CODE    S=_TEXT    G=(none)   M=C:\SQLRDD997\LIB\BC5\SQL.LIB|sqlora ACBP=A9
 0001:000C48C0 000002B7 C=CODE    S=_TEXT    G=(none)   M=C:\XHARBOUR997\LIB\COMMON.LIB|hbfsapi ACBP=A9
 0001:000C4B78 00000033 C=CODE    S=_TEXT    G=(none)   M=C:\XHARBOUR997\LIB\COMMON.LIB|hbgete ACBP=A9
 0001:000C4BAC 00000CFB C=CODE    S=_TEXT    G=(none)   M=C:\XHARBOUR997\LIB\COMMON.LIB|hbstr ACBP=A9
 0001:000C58A8 00000225 C=CODE    S=_TEXT    G=(none)   M=C:\XHARBOUR997\LIB\COMMON.LIB|hbtrace ACBP=A9
 0001:000C5AD0 00000EF6 C=CODE    S=_TEXT    G=(none)   M=C:\XHARBOUR997\LIB\COMMON.LIB|hbver ACBP=A9
 0001:000C69C8 00000862 C=CODE    S=_TEXT    G=(none)   M=C:\XHARBOUR997\LIB\COMMON.LIB|expropt1 ACBP=A9
 0001:000C722C 000011E4 C=CODE    S=_TEXT    G=(none)   M=C:\XHARBOUR997\LIB\COMMON.LIB|expropt2 ACBP=A9
 0001:000C8410 00000060 C=CODE    S=_TEXT    G=(none)   M=C:\XHARBOUR997\LIB\COMMON.LIB|reserved ACBP=A9
 0001:000C8470 00000010 C=CODE    S=_TEXT    G=(none)   M=C:\XHARBOUR997\LIB\CODEPAGE.LIB|cpesdos ACBP=A9
 0001:000C8480 00000010 C=CODE    S=_TEXT    G=(none)   M=C:\XHARBOUR997\LIB\CODEPAGE.LIB|cpesmwin ACBP=A9
 0001:000C8490 00000010 C=CODE    S=_TEXT    G=(none)   M=C:\XHARBOUR997\LIB\CODEPAGE.LIB|cpeswin ACBP=A9
 0001:000C84A0 00000010 C=CODE    S=_TEXT    G=(none)   M=C:\XHARBOUR997\LIB\CODEPAGE.LIB|cppt850 ACBP=A9
 0001:000C84B0 0000033A C=CODE    S=_TEXT    G=(none)   M=C:\XHARBOUR997\LIB\PCREPOS.LIB|pcreposix ACBP=A9
 0001:000C87EC 00004761 C=CODE    S=_TEXT    G=(none)   M=C:\XHARBOUR997\LIB\PCREPOS.LIB|pcre_compile ACBP=A9
 0001:000CCF50 00005B5B C=CODE    S=_TEXT    G=(none)   M=C:\XHARBOUR997\LIB\PCREPOS.LIB|pcre_exec ACBP=A9
 0001:000D2AAC 0000007B C=CODE    S=_TEXT    G=(none)   M=C:\XHARBOUR997\LIB\PCREPOS.LIB|pcre_info ACBP=A9
 0001:000D2B28 0000004D C=CODE    S=_TEXT    G=(none)   M=C:\XHARBOUR997\LIB\PCREPOS.LIB|pcre_ord2utf8 ACBP=A9
 0001:000D2B78 0000017B C=CODE    S=_TEXT    G=(none)   M=C:\XHARBOUR997\LIB\PCREPOS.LIB|pcre_try_flipped ACBP=A9
 0001:000D2CF4 00000137 C=CODE    S=_TEXT    G=(none)   M=C:\XHARBOUR997\LIB\PCREPOS.LIB|pcre_ucp_findchar ACBP=A9
 0001:000D2E2C 0000013B C=CODE    S=_TEXT    G=(none)   M=C:\XHARBOUR997\LIB\PCREPOS.LIB|pcre_valid_utf8 ACBP=A9
 0001:000D2F68 00000219 C=CODE    S=_TEXT    G=(none)   M=C:\XHARBOUR997\LIB\PCREPOS.LIB|pcre_xclass ACBP=A9
 0001:000D3184 000003B5 C=CODE    S=_TEXT    G=(none)   M=C:\XHARBOUR997\LIB\HBSIX.LIB|sxcrypt ACBP=A9
 0001:000D353C 000000E8 C=CODE    S=_TEXT    G=(none)   M=C:\XHARBOUR997\LIB\HBSIX.LIB|sxdate ACBP=A9
 0001:000D3624 0000002B C=CODE    S=_TEXT    G=(none)   M=C:\BORLAND\BCC55\LIB\CW32.LIB|calloc ACBP=A9
 0001:000D3650 0000000F C=CODE    S=_TEXT    G=(none)   M=C:\BORLAND\BCC55\LIB\CW32.LIB|del ACBP=A9
 0001:000D3660 0000000F C=CODE    S=_TEXT    G=(none)   M=C:\BORLAND\BCC55\LIB\CW32.LIB|delarray ACBP=A9
 0001:000D3670 00000111 C=CODE    S=_TEXT    G=(none)   M=C:\BORLAND\BCC55\LIB\CW32.LIB|virtmem ACBP=A9
 0001:000D3784 0000009F C=CODE    S=_TEXT    G=(none)   M=C:\BORLAND\BCC55\LIB\CW32.LIB|hrdir_b ACBP=A9
 0001:000D3824 00000020 C=CODE    S=_TEXT    G=(none)   M=C:\BORLAND\BCC55\LIB\CW32.LIB|hrdir_mf ACBP=A9
 0001:000D3844 00000016 C=CODE    S=_TEXT    G=(none)   M=C:\BORLAND\BCC55\LIB\CW32.LIB|hrdir_r ACBP=A9
 0001:000D385C 000000B8 C=CODE    S=_TEXT    G=(none)   M=C:\BORLAND\BCC55\LIB\CW32.LIB|hrdir_s ACBP=A9
 0001:000D3914 00000001 C=CODE    S=_TEXT    G=(none)   M=C:\BORLAND\BCC55\LIB\CW32.LIB|hrdir_us ACBP=A9
 0001:000D3918 000009CC C=CODE    S=_TEXT    G=(none)   M=C:\BORLAND\BCC55\LIB\CW32.LIB|heap ACBP=A9
 0001:000D42E4 00000292 C=CODE    S=_TEXT    G=(none)   M=C:\BORLAND\BCC55\LIB\CW32.LIB|realloc ACBP=A9
 0001:000D4578 00000001 C=CODE    S=_TEXT    G=(none)   M=C:\BORLAND\BCC55\LIB\CW32.LIB|crtlst_i ACBP=A9
 0001:000D457C 00000001 C=CODE    S=_TEXT    G=(none)   M=C:\BORLAND\BCC55\LIB\CW32.LIB|crtlst_l ACBP=A9
 0001:000D4580 0000001E C=CODE    S=_TEXT    G=(none)   M=C:\BORLAND\BCC55\LIB\CW32.LIB|memchr ACBP=A9
 0001:000D45A0 00000024 C=CODE    S=_TEXT    G=(none)   M=C:\BORLAND\BCC55\LIB\CW32.LIB|memcpy ACBP=A9
 0001:000D45C4 0000004A C=CODE    S=_TEXT    G=(none)   M=C:\BORLAND\BCC55\LIB\CW32.LIB|memmove ACBP=A9
 0001:000D4610 0000008A C=CODE    S=_TEXT    G=(none)   M=C:\BORLAND\BCC55\LIB\CW32.LIB|memset ACBP=A9
 0001:000D469C 00000018 C=CODE    S=_TEXT    G=(none)   M=C:\BORLAND\BCC55\LIB\CW32.LIB|wmemset ACBP=A9
 0001:000D46B4 0000003C C=CODE    S=_TEXT    G=(none)   M=C:\BORLAND\BCC55\LIB\CW32.LIB|strcat ACBP=A9
 0001:000D46F0 00000053 C=CODE    S=_TEXT    G=(none)   M=C:\BORLAND\BCC55\LIB\CW32.LIB|strchr ACBP=A9
 0001:000D4744 0000004B C=CODE    S=_TEXT    G=(none)   M=C:\BORLAND\BCC55\LIB\CW32.LIB|strcmp ACBP=A9
 0001:000D4790 0000002F C=CODE    S=_TEXT    G=(none)   M=C:\BORLAND\BCC55\LIB\CW32.LIB|strcpy ACBP=A9
 0001:000D47C0 0000005A C=CODE    S=_TEXT    G=(none)   M=C:\BORLAND\BCC55\LIB\CW32.LIB|strlen ACBP=A9
 0001:000D481C 0000006E C=CODE    S=_TEXT    G=(none)   M=C:\BORLAND\BCC55\LIB\CW32.LIB|strncat ACBP=A9
 0001:000D488C 00000027 C=CODE    S=_TEXT    G=(none)   M=C:\BORLAND\BCC55\LIB\CW32.LIB|strncmp ACBP=A9
 0001:000D48B4 0000006C C=CODE    S=_TEXT    G=(none)   M=C:\BORLAND\BCC55\LIB\CW32.LIB|memcmp ACBP=A9
 0001:000D4920 000000B7 C=CODE    S=_TEXT    G=(none)   M=C:\BORLAND\BCC55\LIB\CW32.LIB|strerror ACBP=A9
 0001:000D49D8 0000004F C=CODE    S=_TEXT    G=(none)   M=C:\BORLAND\BCC55\LIB\CW32.LIB|strncpy ACBP=A9
 0001:000D4A28 0000002B C=CODE    S=_TEXT    G=(none)   M=C:\BORLAND\BCC55\LIB\CW32.LIB|strpbrk ACBP=A9
 0001:000D4A54 00000029 C=CODE    S=_TEXT    G=(none)   M=C:\BORLAND\BCC55\LIB\CW32.LIB|strrchr ACBP=A9
 0001:000D4A80 00000054 C=CODE    S=_TEXT    G=(none)   M=C:\BORLAND\BCC55\LIB\CW32.LIB|strstr ACBP=A9
 0001:000D4AD4 00000067 C=CODE    S=_TEXT    G=(none)   M=C:\BORLAND\BCC55\LIB\CW32.LIB|strtok ACBP=A9
 0001:000D4B3C 00000037 C=CODE    S=_TEXT    G=(none)   M=C:\BORLAND\BCC55\LIB\CW32.LIB|_stpcpy ACBP=A9
 0001:000D4B74 00000018 C=CODE    S=_TEXT    G=(none)   M=C:\BORLAND\BCC55\LIB\CW32.LIB|wcslen ACBP=A9
 0001:000D4B8C 0000003F C=CODE    S=_TEXT    G=(none)   M=C:\BORLAND\BCC55\LIB\CW32.LIB|wcscpy ACBP=A9
 0001:000D4BCC 00000070 C=CODE    S=_TEXT    G=(none)   M=C:\BORLAND\BCC55\LIB\CW32.LIB|xxa ACBP=A9
 0001:000D4C3C 00000778 C=CODE    S=_TEXT    G=(none)   M=C:\BORLAND\BCC55\LIB\CW32.LIB|xxtype ACBP=A9
 0001:000D538E 000000B6 C=CODE    S=_TEXT    G=(none)   M=C:\BORLAND\BCC55\LIB\CW32.LIB|xxut ACBP=A9
 0001:000D5430 0000014B C=CODE    S=_TEXT    G=(none)   M=C:\BORLAND\BCC55\LIB\CW32.LIB|xxv ACBP=A9
 0001:000D557C 0000000A C=CODE    S=_TEXT    G=(none)   M=C:\BORLAND\BCC55\LIB\CW32.LIB|defhandl ACBP=A9
 0001:000D5588 00000179 C=CODE    S=_TEXT    G=(none)   M=C:\BORLAND\BCC55\LIB\CW32.LIB|except ACBP=A9
 0001:000D5704 00000046 C=CODE    S=_TEXT    G=(none)   M=C:\BORLAND\BCC55\LIB\CW32.LIB|setexc ACBP=A9
 0001:000D574C 00000022 C=CODE    S=_TEXT    G=(none)   M=C:\BORLAND\BCC55\LIB\CW32.LIB|ta ACBP=A9
 0001:000D5770 0000003C C=CODE    S=_TEXT    G=(none)   M=C:\BORLAND\BCC55\LIB\CW32.LIB|__access ACBP=A9
 0001:000D57AC 00000060 C=CODE    S=_TEXT    G=(none)   M=C:\BORLAND\BCC55\LIB\CW32.LIB|__close ACBP=A9
 0001:000D580C 00000013 C=CODE    S=_TEXT    G=(none)   M=C:\BORLAND\BCC55\LIB\CW32.LIB|__dup ACBP=A9
 0001:000D5820 000000EF C=CODE    S=_TEXT    G=(none)   M=C:\BORLAND\BCC55\LIB\CW32.LIB|__dup2 ACBP=A9
 0001:000D5910 00000086 C=CODE    S=_TEXT    G=(none)   M=C:\BORLAND\BCC55\LIB\CW32.LIB|__eof ACBP=A9
 0001:000D5998 00000047 C=CODE    S=_TEXT    G=(none)   M=C:\BORLAND\BCC55\LIB\CW32.LIB|__isatty ACBP=A9
 0001:000D59E0 00000076 C=CODE    S=_TEXT    G=(none)   M=C:\BORLAND\BCC55\LIB\CW32.LIB|__lseek ACBP=A9
 0001:000D5A58 000001FA C=CODE    S=_TEXT    G=(none)   M=C:\BORLAND\BCC55\LIB\CW32.LIB|__open ACBP=A9
 0001:000D5C54 0000019A C=CODE    S=_TEXT    G=(none)   M=C:\BORLAND\BCC55\LIB\CW32.LIB|__read ACBP=A9
 0001:000D5DF0 0000011C C=CODE    S=_TEXT    G=(none)   M=C:\BORLAND\BCC55\LIB\CW32.LIB|__write ACBP=A9
 0001:000D5F0C 00000011 C=CODE    S=_TEXT    G=(none)   M=C:\BORLAND\BCC55\LIB\CW32.LIB|_cfinfo ACBP=A9
 0001:000D5F20 00000038 C=CODE    S=_TEXT    G=(none)   M=C:\BORLAND\BCC55\LIB\CW32.LIB|_flshall ACBP=A9
 0001:000D5F58 00000061 C=CODE    S=_TEXT    G=(none)   M=C:\BORLAND\BCC55\LIB\CW32.LIB|_read ACBP=A9
 0001:000D5FBC 00000008 C=CODE    S=_TEXT    G=(none)   M=C:\BORLAND\BCC55\LIB\CW32.LIB|_stat ACBP=A9
 0001:000D5FC4 00000017 C=CODE    S=_TEXT    G=(none)   M=C:\BORLAND\BCC55\LIB\CW32.LIB|_umask ACBP=A9
 0001:000D5FC4 00000061 C=CODE    S=_TEXT    G=(none)   M=C:\BORLAND\BCC55\LIB\CW32.LIB|_write ACBP=A9
 0001:000D6028 00000008 C=CODE    S=_TEXT    G=(none)   M=C:\BORLAND\BCC55\LIB\CW32.LIB|access ACBP=A9
 0001:000D6030 0000007D C=CODE    S=_TEXT    G=(none)   M=C:\BORLAND\BCC55\LIB\CW32.LIB|allocbuf ACBP=A9
 0001:000D60B0 0000009B C=CODE    S=_TEXT    G=(none)   M=C:\BORLAND\BCC55\LIB\CW32.LIB|chdrive ACBP=A9
 0001:000D614C 00000008 C=CODE    S=_TEXT    G=(none)   M=C:\BORLAND\BCC55\LIB\CW32.LIB|close ACBP=A9
 0001:000D6154 00000008 C=CODE    S=_TEXT    G=(none)   M=C:\BORLAND\BCC55\LIB\CW32.LIB|dup ACBP=A9
 0001:000D615C 00000008 C=CODE    S=_TEXT    G=(none)   M=C:\BORLAND\BCC55\LIB\CW32.LIB|eof ACBP=A9
 0001:000D6164 0000008E C=CODE    S=_TEXT    G=(none)   M=C:\BORLAND\BCC55\LIB\CW32.LIB|fclose ACBP=A9
 0001:000D61F4 0000007F C=CODE    S=_TEXT    G=(none)   M=C:\BORLAND\BCC55\LIB\CW32.LIB|fflush ACBP=A9
 0001:000D6274 0000005A C=CODE    S=_TEXT    G=(none)   M=C:\BORLAND\BCC55\LIB\CW32.LIB|flushout ACBP=A9
 0001:000D62D0 00000023 C=CODE    S=_TEXT    G=(none)   M=C:\BORLAND\BCC55\LIB\CW32.LIB|fmodeptr ACBP=A9
 0001:000D62F4 000001DD C=CODE    S=_TEXT    G=(none)   M=C:\BORLAND\BCC55\LIB\CW32.LIB|fopen ACBP=A9
 0001:000D64D4 00000022 C=CODE    S=_TEXT    G=(none)   M=C:\BORLAND\BCC55\LIB\CW32.LIB|fprintf ACBP=A9
 0001:000D64F8 000000D9 C=CODE    S=_TEXT    G=(none)   M=C:\BORLAND\BCC55\LIB\CW32.LIB|fputn ACBP=A9
 0001:000D65D4 00000056 C=CODE    S=_TEXT    G=(none)   M=C:\BORLAND\BCC55\LIB\CW32.LIB|fputs ACBP=A9
 0001:000D662C 00000163 C=CODE    S=_TEXT    G=(none)   M=C:\BORLAND\BCC55\LIB\CW32.LIB|fread ACBP=A9
 0001:000D6790 0000013E C=CODE    S=_TEXT    G=(none)   M=C:\BORLAND\BCC55\LIB\CW32.LIB|fseek ACBP=A9
 0001:000D68D0 000000D4 C=CODE    S=_TEXT    G=(none)   M=C:\BORLAND\BCC55\LIB\CW32.LIB|fullpath ACBP=A9
 0001:000D69A4 00000031 C=CODE    S=_TEXT    G=(none)   M=C:\BORLAND\BCC55\LIB\CW32.LIB|fwrite ACBP=A9
 0001:000D69D8 000002B9 C=CODE    S=_TEXT    G=(none)   M=C:\BORLAND\BCC55\LIB\CW32.LIB|handles ACBP=A9
 0001:000D6C94 00000076 C=CODE    S=_TEXT    G=(none)   M=C:\BORLAND\BCC55\LIB\CW32.LIB|ioerror ACBP=A9
 0001:000D6D0C 00000008 C=CODE    S=_TEXT    G=(none)   M=C:\BORLAND\BCC55\LIB\CW32.LIB|isatty ACBP=A9
 0001:000D6D14 0000019E C=CODE    S=_TEXT    G=(none)   M=C:\BORLAND\BCC55\LIB\CW32.LIB|lgetc ACBP=A9
 0001:000D6EB4 00000110 C=CODE    S=_TEXT    G=(none)   M=C:\BORLAND\BCC55\LIB\CW32.LIB|lputc ACBP=A9
 0001:000D6FC4 00000091 C=CODE    S=_TEXT    G=(none)   M=C:\BORLAND\BCC55\LIB\CW32.LIB|mkname ACBP=A9
 0001:000D7055 00000079 C=CODE    S=_TEXT    G=(none)   M=C:\BORLAND\BCC55\LIB\CW32.LIB|perror ACBP=A9
 0001:000D7058 00000023 C=CODE    S=_TEXT    G=(none)   M=C:\BORLAND\BCC55\LIB\CW32.LIB|printf ACBP=A9
 0001:000D707C 00000838 C=CODE    S=_TEXT    G=(none)   M=C:\BORLAND\BCC55\LIB\CW32.LIB|scanner ACBP=A9
 0001:000D78B4 0000022B C=CODE    S=_TEXT    G=(none)   M=C:\BORLAND\BCC55\LIB\CW32.LIB|scn2i64 ACBP=A9
 0001:000D7AE0 0000006B C=CODE    S=_TEXT    G=(none)   M=C:\BORLAND\BCC55\LIB\CW32.LIB|setmode ACBP=A9
 0001:000D7B4C 0000004D C=CODE    S=_TEXT    G=(none)   M=C:\BORLAND\BCC55\LIB\CW32.LIB|setvbuf ACBP=A9
 0001:000D7B9C 00000100 C=CODE    S=_TEXT    G=(none)   M=C:\BORLAND\BCC55\LIB\CW32.LIB|snprntf ACBP=A9
 0001:000D7C9C 00000078 C=CODE    S=_TEXT    G=(none)   M=C:\BORLAND\BCC55\LIB\CW32.LIB|sprintf ACBP=A9
 0001:000D7D14 00000073 C=CODE    S=_TEXT    G=(none)   M=C:\BORLAND\BCC55\LIB\CW32.LIB|sscanf ACBP=A9
 0001:000D7D88 00000205 C=CODE    S=_TEXT    G=(none)   M=C:\BORLAND\BCC55\LIB\CW32.LIB|stat ACBP=A9
 0001:000D7F90 00000115 C=CODE    S=_TEXT    G=(none)   M=C:\BORLAND\BCC55\LIB\CW32.LIB|streams ACBP=A9
 0001:000D80A8 0000001A C=CODE    S=_TEXT    G=(none)   M=C:\BORLAND\BCC55\LIB\CW32.LIB|unlink ACBP=A9
 0001:000D80C4 00000022 C=CODE    S=_TEXT    G=(none)   M=C:\BORLAND\BCC55\LIB\CW32.LIB|vfprintf ACBP=A9
 0001:000D80E8 000009EC C=CODE    S=_TEXT    G=(none)   M=C:\BORLAND\BCC55\LIB\CW32.LIB|vprinter ACBP=A9
 0001:000D8AD4 0000002E C=CODE    S=_TEXT    G=(none)   M=C:\BORLAND\BCC55\LIB\CW32.LIB|xfclose ACBP=A9
 0001:000D8B04 00000027 C=CODE    S=_TEXT    G=(none)   M=C:\BORLAND\BCC55\LIB\CW32.LIB|xfflush ACBP=A9
 0001:000D8B2B 00000006 C=CODE    S=_TEXT    G=(none)   M=C:\BORLAND\BCC55\LIB\CW32.LIB|cconv ACBP=A9
 0001:000D8B2C 000002C3 C=CODE    S=_TEXT    G=(none)   M=C:\BORLAND\BCC55\LIB\CW32.LIB|convt ACBP=A9
 0001:000D8DF0 00000051 C=CODE    S=_TEXT    G=(none)   M=C:\BORLAND\BCC55\LIB\CW32.LIB|getinfo ACBP=A9
 0001:000D8E44 00000102 C=CODE    S=_TEXT    G=(none)   M=C:\BORLAND\BCC55\LIB\CW32.LIB|is ACBP=A9
 0001:000D8F48 00000103 C=CODE    S=_TEXT    G=(none)   M=C:\BORLAND\BCC55\LIB\CW32.LIB|wis ACBP=A9
 0001:000D904C 00000043 C=CODE    S=_TEXT    G=(none)   M=C:\BORLAND\BCC55\LIB\CW32.LIB|isctype ACBP=A9
 0001:000D9090 00000055 C=CODE    S=_TEXT    G=(none)   M=C:\BORLAND\BCC55\LIB\CW32.LIB|iswctype ACBP=A9
 0001:000D90E8 0000117F C=CODE    S=_TEXT    G=(none)   M=C:\BORLAND\BCC55\LIB\CW32.LIB|locale ACBP=A9
 0001:000DA268 0000080E C=CODE    S=_TEXT    G=(none)   M=C:\BORLAND\BCC55\LIB\CW32.LIB|initcat ACBP=A9
 0001:000DAA78 00000097 C=CODE    S=_TEXT    G=(none)   M=C:\BORLAND\BCC55\LIB\CW32.LIB|lconv ACBP=A9
 0001:000DAB10 00000024 C=CODE    S=_TEXT    G=(none)   M=C:\BORLAND\BCC55\LIB\CW32.LIB|lstrlwr ACBP=A9
 0001:000DAB34 00000054 C=CODE    S=_TEXT    G=(none)   M=C:\BORLAND\BCC55\LIB\CW32.LIB|ltolower ACBP=A9
 0001:000DAB88 00000054 C=CODE    S=_TEXT    G=(none)   M=C:\BORLAND\BCC55\LIB\CW32.LIB|ltoupper ACBP=A9
 0001:000DABDC 000004D0 C=CODE    S=_TEXT    G=(none)   M=C:\BORLAND\BCC55\LIB\CW32.LIB|mbyte1 ACBP=A9
 0001:000DB0AC 00000200 C=CODE    S=_TEXT    G=(none)   M=C:\BORLAND\BCC55\LIB\CW32.LIB|_ll ACBP=A9
 0001:000DB2AC 0000001D C=CODE    S=_TEXT    G=(none)   M=C:\BORLAND\BCC55\LIB\CW32.LIB|_finite ACBP=A9
 0001:000DB2CC 00000045 C=CODE    S=_TEXT    G=(none)   M=C:\BORLAND\BCC55\LIB\CW32.LIB|_isnan ACBP=A9
 0001:000DB314 00000008 C=CODE    S=_TEXT    G=(none)   M=C:\BORLAND\BCC55\LIB\CW32.LIB|_ltoa1 ACBP=A9
 0001:000DB31C 000000B0 C=CODE    S=_TEXT    G=(none)   M=C:\BORLAND\BCC55\LIB\CW32.LIB|_matherr ACBP=A9
 0001:000DB3CC 00000188 C=CODE    S=_TEXT    G=(none)   M=C:\BORLAND\BCC55\LIB\CW32.LIB|_pow10 ACBP=A9
 0001:000DB554 00000077 C=CODE    S=_TEXT    G=(none)   M=C:\BORLAND\BCC55\LIB\CW32.LIB|atol ACBP=A9
 0001:000DB5CC 0000001C C=CODE    S=_TEXT    G=(none)   M=C:\BORLAND\BCC55\LIB\CW32.LIB|ceil ACBP=A9
 0001:000DB5E8 00000013 C=CODE    S=_TEXT    G=(none)   M=C:\BORLAND\BCC55\LIB\CW32.LIB|clear87 ACBP=A9
 0001:000DB5FC 0000002F C=CODE    S=_TEXT    G=(none)   M=C:\BORLAND\BCC55\LIB\CW32.LIB|ctrl87 ACBP=A9
 0001:000DB62C 00000018 C=CODE    S=_TEXT    G=(none)   M=C:\BORLAND\BCC55\LIB\CW32.LIB|cvtentry ACBP=A9
 0001:000DB644 00000018 C=CODE    S=_TEXT    G=(none)   M=C:\BORLAND\BCC55\LIB\CW32.LIB|cvtfak ACBP=A9
 0001:000DB65C 00000018 C=CODE    S=_TEXT    G=(none)   M=C:\BORLAND\BCC55\LIB\CW32.LIB|cvtfakw ACBP=A9
 0001:000DB674 0000006C C=CODE    S=_TEXT    G=(none)   M=C:\BORLAND\BCC55\LIB\CW32.LIB|exp ACBP=A9
 0001:000DB6E0 000000CD C=CODE    S=_TEXT    G=(none)   M=C:\BORLAND\BCC55\LIB\CW32.LIB|f87exp ACBP=A9
 0001:000DB7B0 00000048 C=CODE    S=_TEXT    G=(none)   M=C:\BORLAND\BCC55\LIB\CW32.LIB|f87log ACBP=A9
 0001:000DB7F8 0000004D C=CODE    S=_TEXT    G=(none)   M=C:\BORLAND\BCC55\LIB\CW32.LIB|fmod ACBP=A9
 0001:000DB848 00000016 C=CODE    S=_TEXT    G=(none)   M=C:\BORLAND\BCC55\LIB\CW32.LIB|fpreset ACBP=A9
 0001:000DB860 00000028 C=CODE    S=_TEXT    G=(none)   M=C:\BORLAND\BCC55\LIB\CW32.LIB|ftol ACBP=A9
 0001:000DB888 0000002D C=CODE    S=_TEXT    G=(none)   M=C:\BORLAND\BCC55\LIB\CW32.LIB|fuildq ACBP=A9
 0001:000DB8B8 00000021 C=CODE    S=_TEXT    G=(none)   M=C:\BORLAND\BCC55\LIB\CW32.LIB|fuistq ACBP=A9
 0001:000DB8DC 00000011 C=CODE    S=_TEXT    G=(none)   M=C:\BORLAND\BCC55\LIB\CW32.LIB|fxam ACBP=A9
 0001:000DB8F0 000000B1 C=CODE    S=_TEXT    G=(none)   M=C:\BORLAND\BCC55\LIB\CW32.LIB|int64toa ACBP=A9
 0001:000DB9A4 00000117 C=CODE    S=_TEXT    G=(none)   M=C:\BORLAND\BCC55\LIB\CW32.LIB|ldtrunc ACBP=A9
 0001:000DBABC 0000006D C=CODE    S=_TEXT    G=(none)   M=C:\BORLAND\BCC55\LIB\CW32.LIB|log ACBP=A9
 0001:000DBB2C 0000008F C=CODE    S=_TEXT    G=(none)   M=C:\BORLAND\BCC55\LIB\CW32.LIB|longtoa ACBP=A9
 0001:000DBBBC 00000075 C=CODE    S=_TEXT    G=(none)   M=C:\BORLAND\BCC55\LIB\CW32.LIB|ltoa1 ACBP=A9
 0001:000DBC34 0000002E C=CODE    S=_TEXT    G=(none)   M=C:\BORLAND\BCC55\LIB\CW32.LIB|matherrl ACBP=A9
 0001:000DBC64 00000016 C=CODE    S=_TEXT    G=(none)   M=C:\BORLAND\BCC55\LIB\CW32.LIB|mathptr ACBP=A9
 0001:000DBC7C 00000030 C=CODE    S=_TEXT    G=(none)   M=C:\BORLAND\BCC55\LIB\CW32.LIB|modf ACBP=A9
 0001:000DBCAC 000001DC C=CODE    S=_TEXT    G=(none)   M=C:\BORLAND\BCC55\LIB\CW32.LIB|pow ACBP=A9
 0001:000DBE88 00000025 C=CODE    S=_TEXT    G=(none)   M=C:\BORLAND\BCC55\LIB\CW32.LIB|qdiv10 ACBP=A9
 0001:000DBEB0 0000002E C=CODE    S=_TEXT    G=(none)   M=C:\BORLAND\BCC55\LIB\CW32.LIB|qmul10 ACBP=A9
 0001:000DBEE0 0000008E C=CODE    S=_TEXT    G=(none)   M=C:\BORLAND\BCC55\LIB\CW32.LIB|rand ACBP=A9
 0001:000DBF70 000002F9 C=CODE    S=_TEXT    G=(none)   M=C:\BORLAND\BCC55\LIB\CW32.LIB|realcvt ACBP=A9
 0001:000DC26C 00000331 C=CODE    S=_TEXT    G=(none)   M=C:\BORLAND\BCC55\LIB\CW32.LIB|realcvtw ACBP=A9
 0001:000DC5A0 0000002C C=CODE    S=_TEXT    G=(none)   M=C:\BORLAND\BCC55\LIB\CW32.LIB|round ACBP=A9
 0001:000DC5CC 000004E1 C=CODE    S=_TEXT    G=(none)   M=C:\BORLAND\BCC55\LIB\CW32.LIB|scantod ACBP=A9
 0001:000DCAB0 000004DD C=CODE    S=_TEXT    G=(none)   M=C:\BORLAND\BCC55\LIB\CW32.LIB|scanwtod ACBP=A9
 0001:000DCF90 0000003A C=CODE    S=_TEXT    G=(none)   M=C:\BORLAND\BCC55\LIB\CW32.LIB|sqrt ACBP=A9
 0001:000DCFCC 000002D2 C=CODE    S=_TEXT    G=(none)   M=C:\BORLAND\BCC55\LIB\CW32.LIB|xcvt ACBP=A9
 0001:000DD2A0 000002F1 C=CODE    S=_TEXT    G=(none)   M=C:\BORLAND\BCC55\LIB\CW32.LIB|xcvtw ACBP=A9
 0001:000DD594 00000139 C=CODE    S=_TEXT    G=(none)   M=C:\BORLAND\BCC55\LIB\CW32.LIB|mbctype ACBP=A9
 0001:000DD6D0 0000003D C=CODE    S=_TEXT    G=(none)   M=C:\BORLAND\BCC55\LIB\CW32.LIB|mbisalp ACBP=A9
 0001:000DD710 0000001A C=CODE    S=_TEXT    G=(none)   M=C:\BORLAND\BCC55\LIB\CW32.LIB|mbisdgt ACBP=A9
 0001:000DD72C 0000001A C=CODE    S=_TEXT    G=(none)   M=C:\BORLAND\BCC55\LIB\CW32.LIB|mbisspc ACBP=A9
 0001:000DD748 0000009B C=CODE    S=_TEXT    G=(none)   M=C:\BORLAND\BCC55\LIB\CW32.LIB|mbsicmp ACBP=A9
 0001:000DD7E4 00000054 C=CODE    S=_TEXT    G=(none)   M=C:\BORLAND\BCC55\LIB\CW32.LIB|mbsnbcpy ACBP=A9
 0001:000DD838 000000BF C=CODE    S=_TEXT    G=(none)   M=C:\BORLAND\BCC55\LIB\CW32.LIB|mbsnbicm ACBP=A9
 0001:000DD8F8 0000006C C=CODE    S=_TEXT    G=(none)   M=C:\BORLAND\BCC55\LIB\CW32.LIB|mbspbrk ACBP=A9
 0001:000DD964 00000056 C=CODE    S=_TEXT    G=(none)   M=C:\BORLAND\BCC55\LIB\CW32.LIB|mbsrchr ACBP=A9
 0001:000DD9BC 0000001D C=CODE    S=_TEXT    G=(none)   M=C:\BORLAND\BCC55\LIB\CW32.LIB|mbtoupr ACBP=A9
 0001:000DD9DC 000000A6 C=CODE    S=_TEXT    G=(none)   M=C:\BORLAND\BCC55\LIB\CW32.LIB|assert ACBP=A9
 0001:000DDA84 000000B8 C=CODE    S=_TEXT    G=(none)   M=C:\BORLAND\BCC55\LIB\CW32.LIB|ermsghlp ACBP=A9
 0001:000DDB3C 00000006 C=CODE    S=_TEXT    G=(none)   M=C:\BORLAND\BCC55\LIB\CW32.LIB|errno ACBP=A9
 0001:000DDB3C 0000019B C=CODE    S=_TEXT    G=(none)   M=C:\BORLAND\BCC55\LIB\CW32.LIB|errormsg ACBP=A9
 0001:000DDCD8 00000089 C=CODE    S=_TEXT    G=(none)   M=C:\BORLAND\BCC55\LIB\CW32.LIB|platform ACBP=A9
 0001:000DDD64 00000236 C=CODE    S=_TEXT    G=(none)   M=C:\BORLAND\BCC55\LIB\CW32.LIB|qsort ACBP=A9
 0001:000DDF9C 00000022 C=CODE    S=_TEXT    G=(none)   M=C:\BORLAND\BCC55\LIB\CW32.LIB|abort ACBP=A9
 0001:000DDFC0 000000A7 C=CODE    S=_TEXT    G=(none)   M=C:\BORLAND\BCC55\LIB\CW32.LIB|exit ACBP=A9
 0001:000DE068 00000057 C=CODE    S=_TEXT    G=(none)   M=C:\BORLAND\BCC55\LIB\CW32.LIB|getenv ACBP=A9
 0001:000DE0C0 0000001A C=CODE    S=_TEXT    G=(none)   M=C:\BORLAND\BCC55\LIB\CW32.LIB|initwild ACBP=A9
 0001:000DE0DC 00000011 C=CODE    S=_TEXT    G=(none)   M=C:\BORLAND\BCC55\LIB\CW32.LIB|exparg ACBP=A9
 0001:000DE0F0 00000011 C=CODE    S=_TEXT    G=(none)   M=C:\BORLAND\BCC55\LIB\CW32.LIB|wexparg ACBP=A9
 0001:000DE104 00000027 C=CODE    S=_TEXT    G=(none)   M=C:\BORLAND\BCC55\LIB\CW32.LIB|initargv ACBP=A9
 0001:000DE12C 0000016C C=CODE    S=_TEXT    G=(none)   M=C:\BORLAND\BCC55\LIB\CW32.LIB|setargv ACBP=A9
 0001:000DE298 000001E5 C=CODE    S=_TEXT    G=(none)   M=C:\BORLAND\BCC55\LIB\CW32.LIB|hsargv ACBP=A9
 0001:000DE480 00000227 C=CODE    S=_TEXT    G=(none)   M=C:\BORLAND\BCC55\LIB\CW32.LIB|whsargv ACBP=A9
 0001:000DE6A8 00000045 C=CODE    S=_TEXT    G=(none)   M=C:\BORLAND\BCC55\LIB\CW32.LIB|setargv0 ACBP=A9
 0001:000DE6F0 000001A0 C=CODE    S=_TEXT    G=(none)   M=C:\BORLAND\BCC55\LIB\CW32.LIB|setenvp ACBP=A9
 0001:000DE890 000002F8 C=CODE    S=_TEXT    G=(none)   M=C:\BORLAND\BCC55\LIB\CW32.LIB|signal ACBP=A9
 0001:000DEB88 00000157 C=CODE    S=_TEXT    G=(none)   M=C:\BORLAND\BCC55\LIB\CW32.LIB|initexit ACBP=A9
 0001:000DECE0 000001A4 C=CODE    S=_TEXT    G=(none)   M=C:\BORLAND\BCC55\LIB\CW32.LIB|startup ACBP=A9
 0001:000DEE84 0000004F C=CODE    S=_TEXT    G=(none)   M=C:\BORLAND\BCC55\LIB\CW32.LIB|tlsstat ACBP=A9
 0001:000DEED4 000001A9 C=CODE    S=_TEXT    G=(none)   M=C:\BORLAND\BCC55\LIB\CW32.LIB|gmtime ACBP=A9
 0001:000DF080 000002A4 C=CODE    S=_TEXT    G=(none)   M=C:\BORLAND\BCC55\LIB\CW32.LIB|timefunc ACBP=A9
 0001:000DF324 00000006 C=CODE    S=_TEXT    G=(none)   M=C:\BORLAND\BCC55\LIB\CW32.LIB|tzdata ACBP=A9
 0001:000DF32C 000001C8 C=CODE    S=_TEXT    G=(none)   M=C:\BORLAND\BCC55\LIB\CW32.LIB|tzset ACBP=A9
 0001:000DF4F4 00000008 C=CODE    S=_TEXT    G=(none)   M=C:\BORLAND\BCC55\LIB\CW32.LIB|_tzset ACBP=A9
 0001:000DF4FC 00000017 C=CODE    S=_TEXT    G=(none)   M=C:\BORLAND\BCC55\LIB\CW32.LIB|clock ACBP=A9
 0001:000DF514 0000009E C=CODE    S=_TEXT    G=(none)   M=C:\BORLAND\BCC55\LIB\CW32.LIB|ftime ACBP=A9
 0001:000DF5B4 00000156 C=CODE    S=_TEXT    G=(none)   M=C:\BORLAND\BCC55\LIB\CW32.LIB|statcvt ACBP=A9
 0001:000DF70C 0000004D C=CODE    S=_TEXT    G=(none)   M=C:\BORLAND\BCC55\LIB\CW32.LIB|time ACBP=A9
 0001:000DF75C 00001BA2 C=CODE    S=_TEXT    G=(none)   M=C:\BORLAND\BCC55\LIB\CW32.LIB|xx ACBP=A9
 0002:0000068C 000000A4 C=DATA    S=_DATA    G=DGROUP   M=C:\BORLAND\BCC55\LIB\C0W32.OBJ ACBP=A9
 0002:00000730 00003AA4 C=DATA    S=_DATA    G=DGROUP   M=C:\HTI\SISMED\SISMED.OBJ ACBP=A9
 0002:000041D4 000007F8 C=DATA    S=_DATA    G=DGROUP   M=C:\HTI\SISMED\ATU_SMED.OBJ ACBP=A9
 0002:000049CC 00000598 C=DATA    S=_DATA    G=DGROUP   M=C:\HTI\SISMED\CON21.OBJ ACBP=A9
 0002:00004F64 00002D48 C=DATA    S=_DATA    G=DGROUP   M=C:\HTI\SISMED\CON22.OBJ ACBP=A9
 0002:00007CAC 00000860 C=DATA    S=_DATA    G=DGROUP   M=C:\HTI\SISMED\CON24.OBJ ACBP=A9
 0002:0000850C 00000440 C=DATA    S=_DATA    G=DGROUP   M=C:\HTI\SISMED\CON25.OBJ ACBP=A9
 0002:0000894C 00000364 C=DATA    S=_DATA    G=DGROUP   M=C:\HTI\SISMED\CON41.OBJ ACBP=A9
 0002:00008CB0 00001FC0 C=DATA    S=_DATA    G=DGROUP   M=C:\HTI\SISMED\CON42.OBJ ACBP=A9
 0002:0000AC70 00001F68 C=DATA    S=_DATA    G=DGROUP   M=C:\HTI\SISMED\CON211.OBJ ACBP=A9
 0002:0000CBD8 00002B60 C=DATA    S=_DATA    G=DGROUP   M=C:\HTI\SISMED\CON212.OBJ ACBP=A9
 0002:0000F738 00000AA0 C=DATA    S=_DATA    G=DGROUP   M=C:\HTI\SISMED\CON213.OBJ ACBP=A9
 0002:000101D8 000030C4 C=DATA    S=_DATA    G=DGROUP   M=C:\HTI\SISMED\CON214.OBJ ACBP=A9
 0002:0001329C 0000382C C=DATA    S=_DATA    G=DGROUP   M=C:\HTI\SISMED\CON241.OBJ ACBP=A9
 0002:00016AC8 00001238 C=DATA    S=_DATA    G=DGROUP   M=C:\HTI\SISMED\CON243.OBJ ACBP=A9
 0002:00017D00 0000B5B8 C=DATA    S=_DATA    G=DGROUP   M=C:\HTI\SISMED\CON244.OBJ ACBP=A9
 0002:000232B8 0000D0FC C=DATA    S=_DATA    G=DGROUP   M=C:\HTI\SISMED\CON251.OBJ ACBP=A9
 0002:000303B4 00004764 C=DATA    S=_DATA    G=DGROUP   M=C:\HTI\SISMED\CON252.OBJ ACBP=A9
 0002:00034B18 00003F6C C=DATA    S=_DATA    G=DGROUP   M=C:\HTI\SISMED\CON253.OBJ ACBP=A9
 0002:00038A84 00001970 C=DATA    S=_DATA    G=DGROUP   M=C:\HTI\SISMED\CON411.OBJ ACBP=A9
 0002:0003A3F4 000033F0 C=DATA    S=_DATA    G=DGROUP   M=C:\HTI\SISMED\CON413.OBJ ACBP=A9
 0002:0003D7E4 0000301C C=DATA    S=_DATA    G=DGROUP   M=C:\HTI\SISMED\CON414.OBJ ACBP=A9
 0002:00040800 00000AF4 C=DATA    S=_DATA    G=DGROUP   M=C:\HTI\SISMED\CON416.OBJ ACBP=A9
 0002:000412F4 00001348 C=DATA    S=_DATA    G=DGROUP   M=C:\HTI\SISMED\CON418.OBJ ACBP=A9
 0002:0004263C 00002DA8 C=DATA    S=_DATA    G=DGROUP   M=C:\HTI\SISMED\CON419.OBJ ACBP=A9
 0002:000453E4 000032D8 C=DATA    S=_DATA    G=DGROUP   M=C:\HTI\SISMED\CON420.OBJ ACBP=A9
 0002:000486BC 000026F4 C=DATA    S=_DATA    G=DGROUP   M=C:\HTI\SISMED\CON421.OBJ ACBP=A9
 0002:0004ADB0 0000ABE0 C=DATA    S=_DATA    G=DGROUP   M=C:\HTI\SISMED\CON423.OBJ ACBP=A9
 0002:00055990 000038FC C=DATA    S=_DATA    G=DGROUP   M=C:\HTI\SISMED\CON424.OBJ ACBP=A9
 0002:0005928C 00001268 C=DATA    S=_DATA    G=DGROUP   M=C:\HTI\SISMED\CON426.OBJ ACBP=A9
 0002:0005A4F4 0000187C C=DATA    S=_DATA    G=DGROUP   M=C:\HTI\SISMED\CON428.OBJ ACBP=A9
 0002:0005BD70 00001B94 C=DATA    S=_DATA    G=DGROUP   M=C:\HTI\SISMED\CON429.OBJ ACBP=A9
 0002:0005D904 00000E88 C=DATA    S=_DATA    G=DGROUP   M=C:\HTI\SISMED\ERRORSYS.OBJ ACBP=A9
 0002:0005E78C 0001247C C=DATA    S=_DATA    G=DGROUP   M=C:\HTI\SISMED\HRBFUN.OBJ ACBP=A9
 0002:00070C08 00001A0C C=DATA    S=_DATA    G=DGROUP   M=C:\HTI\SISMED\SAC63.OBJ ACBP=A9
 0002:00072614 000055F8 C=DATA    S=_DATA    G=DGROUP   M=C:\HTI\SISMED\SAC130.OBJ ACBP=A9
 0002:00077C0C 000018B8 C=DATA    S=_DATA    G=DGROUP   M=C:\HTI\SISMED\SAC140.OBJ ACBP=A9
 0002:000794C4 00001C4C C=DATA    S=_DATA    G=DGROUP   M=C:\HTI\SISMED\SAC141.OBJ ACBP=A9
 0002:0007B110 00000BA8 C=DATA    S=_DATA    G=DGROUP   M=C:\HTI\SISMED\SAC142.OBJ ACBP=A9
 0002:0007BCB8 00001320 C=DATA    S=_DATA    G=DGROUP   M=C:\HTI\SISMED\SACCEP.OBJ ACBP=A9
 0002:0007CFD8 000013B4 C=DATA    S=_DATA    G=DGROUP   M=C:\HTI\SISMED\SACDESP.OBJ ACBP=A9
 0002:0007E38C 000005B8 C=DATA    S=_DATA    G=DGROUP   M=C:\HTI\SISMED\SACLER.OBJ ACBP=A9
 0002:0007E944 00002B14 C=DATA    S=_DATA    G=DGROUP   M=C:\HTI\SISMED\SMED00.OBJ ACBP=A9
 0002:00081458 00001860 C=DATA    S=_DATA    G=DGROUP   M=C:\HTI\SISMED\SMED2DES.OBJ ACBP=A9
 0002:00082CB8 00000534 C=DATA    S=_DATA    G=DGROUP   M=C:\HTI\SISMED\SMED2P.OBJ ACBP=A9
 0002:000831EC 000005F4 C=DATA    S=_DATA    G=DGROUP   M=C:\HTI\SISMED\SMED2P1.OBJ ACBP=A9
 0002:000837E0 0000284C C=DATA    S=_DATA    G=DGROUP   M=C:\HTI\SISMED\SMED3DES.OBJ ACBP=A9
 0002:0008602C 00000934 C=DATA    S=_DATA    G=DGROUP   M=C:\HTI\SISMED\SMED5CNV.OBJ ACBP=A9
 0002:00086960 00001948 C=DATA    S=_DATA    G=DGROUP   M=C:\HTI\SISMED\SMED5COL.OBJ ACBP=A9
 0002:000882A8 00000F54 C=DATA    S=_DATA    G=DGROUP   M=C:\HTI\SISMED\SMED5CON.OBJ ACBP=A9
 0002:000891FC 00001A84 C=DATA    S=_DATA    G=DGROUP   M=C:\HTI\SISMED\SMED5DAT.OBJ ACBP=A9
 0002:0008AC80 00000A8C C=DATA    S=_DATA    G=DGROUP   M=C:\HTI\SISMED\SMED5DEC.OBJ ACBP=A9
 0002:0008B70C 00002B58 C=DATA    S=_DATA    G=DGROUP   M=C:\HTI\SISMED\SMED5DES.OBJ ACBP=A9
 0002:0008E264 00000BDC C=DATA    S=_DATA    G=DGROUP   M=C:\HTI\SISMED\SMED5E21.OBJ ACBP=A9
 0002:0008EE40 00000C78 C=DATA    S=_DATA    G=DGROUP   M=C:\HTI\SISMED\SMED5E22.OBJ ACBP=A9
 0002:0008FAB8 00001138 C=DATA    S=_DATA    G=DGROUP   M=C:\HTI\SISMED\SMED5EST.OBJ ACBP=A9
 0002:00090BF0 000009BC C=DATA    S=_DATA    G=DGROUP   M=C:\HTI\SISMED\SMED5ET1.OBJ ACBP=A9
 0002:000915AC 000002F0 C=DATA    S=_DATA    G=DGROUP   M=C:\HTI\SISMED\SMED5ET2.OBJ ACBP=A9
 0002:0009189C 0000026C C=DATA    S=_DATA    G=DGROUP   M=C:\HTI\SISMED\SMED5ETQ.OBJ ACBP=A9
 0002:00091B08 00002AC8 C=DATA    S=_DATA    G=DGROUP   M=C:\HTI\SISMED\XLS.OBJ ACBP=A9
 0002:000945D0 00002440 C=DATA    S=_DATA    G=DGROUP   M=C:\HTI\SISMED\SMED5FRM.OBJ ACBP=A9
 0002:00096A10 00000CE4 C=DATA    S=_DATA    G=DGROUP   M=C:\HTI\SISMED\SMED5PAT.OBJ ACBP=A9
 0002:000976F4 00003610 C=DATA    S=_DATA    G=DGROUP   M=C:\HTI\SISMED\SMED5VID.OBJ ACBP=A9
 0002:0009AD04 00007D78 C=DATA    S=_DATA    G=DGROUP   M=C:\HTI\SISMED\SMED30.OBJ ACBP=A9
 0002:000A2A7C 00002DDC C=DATA    S=_DATA    G=DGROUP   M=C:\HTI\SISMED\SMED211.OBJ ACBP=A9
 0002:000A5858 00002190 C=DATA    S=_DATA    G=DGROUP   M=C:\HTI\SISMED\SMED212.OBJ ACBP=A9
 0002:000A79E8 00000590 C=DATA    S=_DATA    G=DGROUP   M=C:\HTI\SISMED\SMED213.OBJ ACBP=A9
 0002:000A7F78 00002038 C=DATA    S=_DATA    G=DGROUP   M=C:\HTI\SISMED\SMED214.OBJ ACBP=A9
 0002:000A9FB0 00000EEC C=DATA    S=_DATA    G=DGROUP   M=C:\HTI\SISMED\SMED220.OBJ ACBP=A9
 0002:000AAE9C 00000C3C C=DATA    S=_DATA    G=DGROUP   M=C:\HTI\SISMED\SMED221.OBJ ACBP=A9
 0002:000ABAD8 00000B58 C=DATA    S=_DATA    G=DGROUP   M=C:\HTI\SISMED\SMED222.OBJ ACBP=A9
 0002:000AC630 00000830 C=DATA    S=_DATA    G=DGROUP   M=C:\HTI\SISMED\SMED223.OBJ ACBP=A9
 0002:000ACE60 00000F28 C=DATA    S=_DATA    G=DGROUP   M=C:\HTI\SISMED\SMED230.OBJ ACBP=A9
 0002:000ADD88 00000CAC C=DATA    S=_DATA    G=DGROUP   M=C:\HTI\SISMED\SMED231.OBJ ACBP=A9
 0002:000AEA34 0000089C C=DATA    S=_DATA    G=DGROUP   M=C:\HTI\SISMED\SMED232.OBJ ACBP=A9
 0002:000AF2D0 000004D4 C=DATA    S=_DATA    G=DGROUP   M=C:\HTI\SISMED\SMED233.OBJ ACBP=A9
 0002:000AF7A4 00001050 C=DATA    S=_DATA    G=DGROUP   M=C:\HTI\SISMED\SMED240.OBJ ACBP=A9
 0002:000B07F4 00000B0C C=DATA    S=_DATA    G=DGROUP   M=C:\HTI\SISMED\SMED241.OBJ ACBP=A9
 0002:000B1300 000008A8 C=DATA    S=_DATA    G=DGROUP   M=C:\HTI\SISMED\SMED242.OBJ ACBP=A9
 0002:000B1BA8 000006B8 C=DATA    S=_DATA    G=DGROUP   M=C:\HTI\SISMED\SMED243.OBJ ACBP=A9
 0002:000B2260 0000078C C=DATA    S=_DATA    G=DGROUP   M=C:\HTI\SISMED\SMED250.OBJ ACBP=A9
 0002:000B29EC 00000D68 C=DATA    S=_DATA    G=DGROUP   M=C:\HTI\SISMED\SMED251.OBJ ACBP=A9
 0002:000B3754 00000E6C C=DATA    S=_DATA    G=DGROUP   M=C:\HTI\SISMED\SMED252.OBJ ACBP=A9
 0002:000B45C0 00000F84 C=DATA    S=_DATA    G=DGROUP   M=C:\HTI\SISMED\SMED253.OBJ ACBP=A9
 0002:000B5544 00001144 C=DATA    S=_DATA    G=DGROUP   M=C:\HTI\SISMED\SMED260.OBJ ACBP=A9
 0002:000B6688 0000052C C=DATA    S=_DATA    G=DGROUP   M=C:\HTI\SISMED\SMED261.OBJ ACBP=A9
 0002:000B6BB4 00000AB8 C=DATA    S=_DATA    G=DGROUP   M=C:\HTI\SISMED\SMED262.OBJ ACBP=A9
 0002:000B766C 00000778 C=DATA    S=_DATA    G=DGROUP   M=C:\HTI\SISMED\SMED263.OBJ ACBP=A9
 0002:000B7DE4 000006E4 C=DATA    S=_DATA    G=DGROUP   M=C:\HTI\SISMED\SMED270.OBJ ACBP=A9
 0002:000B84C8 00000714 C=DATA    S=_DATA    G=DGROUP   M=C:\HTI\SISMED\SMED271.OBJ ACBP=A9
 0002:000B8BDC 00000508 C=DATA    S=_DATA    G=DGROUP   M=C:\HTI\SISMED\SMED272.OBJ ACBP=A9
 0002:000B90E4 000003D4 C=DATA    S=_DATA    G=DGROUP   M=C:\HTI\SISMED\SMED273.OBJ ACBP=A9
 0002:000B94B8 000015F0 C=DATA    S=_DATA    G=DGROUP   M=C:\HTI\SISMED\SMED280.OBJ ACBP=A9
 0002:000BAAA8 000013A4 C=DATA    S=_DATA    G=DGROUP   M=C:\HTI\SISMED\SMED290.OBJ ACBP=A9
 0002:000BBE4C 00001158 C=DATA    S=_DATA    G=DGROUP   M=C:\HTI\SISMED\SMED311.OBJ ACBP=A9
 0002:000BCFA4 00000C64 C=DATA    S=_DATA    G=DGROUP   M=C:\HTI\SISMED\SMED312.OBJ ACBP=A9
 0002:000BDC08 00000CCC C=DATA    S=_DATA    G=DGROUP   M=C:\HTI\SISMED\SMED313.OBJ ACBP=A9
 0002:000BE8D4 000009B8 C=DATA    S=_DATA    G=DGROUP   M=C:\HTI\SISMED\SMED320.OBJ ACBP=A9
 0002:000BF28C 00000F80 C=DATA    S=_DATA    G=DGROUP   M=C:\HTI\SISMED\SMED330.OBJ ACBP=A9
 0002:000C020C 00000AE0 C=DATA    S=_DATA    G=DGROUP   M=C:\HTI\SISMED\SMED340.OBJ ACBP=A9
 0002:000C0CEC 00000714 C=DATA    S=_DATA    G=DGROUP   M=C:\HTI\SISMED\SMED350.OBJ ACBP=A9
 0002:000C1400 000014F0 C=DATA    S=_DATA    G=DGROUP   M=C:\HTI\SISMED\SMED360.OBJ ACBP=A9
 0002:000C28F0 000018D4 C=DATA    S=_DATA    G=DGROUP   M=C:\HTI\SISMED\SMED370.OBJ ACBP=A9
 0002:000C41C4 00000C9C C=DATA    S=_DATA    G=DGROUP   M=C:\HTI\SISMED\SMED400.OBJ ACBP=A9
 0002:000C4E60 000009C4 C=DATA    S=_DATA    G=DGROUP   M=C:\HTI\SISMED\SMED410.OBJ ACBP=A9
 0002:000C5824 00000BA0 C=DATA    S=_DATA    G=DGROUP   M=C:\HTI\SISMED\SMED420.OBJ ACBP=A9
 0002:000C63C4 000003AC C=DATA    S=_DATA    G=DGROUP   M=C:\HTI\SISMED\SMED430.OBJ ACBP=A9
 0002:000C6770 000006E0 C=DATA    S=_DATA    G=DGROUP   M=C:\HTI\SISMED\SMED431.OBJ ACBP=A9
 0002:000C6E50 000006FC C=DATA    S=_DATA    G=DGROUP   M=C:\HTI\SISMED\SMED432.OBJ ACBP=A9
 0002:000C754C 000035A8 C=DATA    S=_DATA    G=DGROUP   M=C:\HTI\SISMED\SMED440.OBJ ACBP=A9
 0002:000CAAF4 00001FB8 C=DATA    S=_DATA    G=DGROUP   M=C:\HTI\SISMED\SMED442.OBJ ACBP=A9
 0002:000CCAAC 000018CC C=DATA    S=_DATA    G=DGROUP   M=C:\HTI\SISMED\SMED450.OBJ ACBP=A9
 0002:000CE378 000009DC C=DATA    S=_DATA    G=DGROUP   M=C:\HTI\SISMED\SMED460.OBJ ACBP=A9
 0002:000CED54 00000AB8 C=DATA    S=_DATA    G=DGROUP   M=C:\HTI\SISMED\SMED461.OBJ ACBP=A9
 0002:000CF80C 00000324 C=DATA    S=_DATA    G=DGROUP   M=C:\HTI\SISMED\SMED470.OBJ ACBP=A9
 0002:000CFB30 00001118 C=DATA    S=_DATA    G=DGROUP   M=C:\HTI\SISMED\SMED471.OBJ ACBP=A9
 0002:000D0C48 000014D8 C=DATA    S=_DATA    G=DGROUP   M=C:\HTI\SISMED\SMED472.OBJ ACBP=A9
 0002:000D2120 00000E64 C=DATA    S=_DATA    G=DGROUP   M=C:\HTI\SISMED\SMED473.OBJ ACBP=A9
 0002:000D2F84 00001894 C=DATA    S=_DATA    G=DGROUP   M=C:\HTI\SISMED\SMED480.OBJ ACBP=A9
 0002:000D4818 00000FD8 C=DATA    S=_DATA    G=DGROUP   M=C:\HTI\SISMED\SMED481.OBJ ACBP=A9
 0002:000D57F0 00000948 C=DATA    S=_DATA    G=DGROUP   M=C:\HTI\SISMED\SMED500.OBJ ACBP=A9
 0002:000D6138 00001088 C=DATA    S=_DATA    G=DGROUP   M=C:\HTI\SISMED\SMED510.OBJ ACBP=A9
 0002:000D71C0 000012C8 C=DATA    S=_DATA    G=DGROUP   M=C:\HTI\SISMED\SMED520.OBJ ACBP=A9
 0002:000D8488 000010B4 C=DATA    S=_DATA    G=DGROUP   M=C:\HTI\SISMED\SMED530.OBJ ACBP=A9
 0002:000D953C 000003C0 C=DATA    S=_DATA    G=DGROUP   M=C:\HTI\SISMED\SMED540.OBJ ACBP=A9
 0002:000D98FC 000019D0 C=DATA    S=_DATA    G=DGROUP   M=C:\HTI\SISMED\SMED541.OBJ ACBP=A9
 0002:000DB2CC 00001570 C=DATA    S=_DATA    G=DGROUP   M=C:\HTI\SISMED\SMED542.OBJ ACBP=A9
 0002:000DC83C 000015B4 C=DATA    S=_DATA    G=DGROUP   M=C:\HTI\SISMED\SMED550.OBJ ACBP=A9
 0002:000DDDF0 0000135C C=DATA    S=_DATA    G=DGROUP   M=C:\HTI\SISMED\SMED560.OBJ ACBP=A9
 0002:000DF14C 0000099C C=DATA    S=_DATA    G=DGROUP   M=C:\HTI\SISMED\SMED570.OBJ ACBP=A9
 0002:000DFAE8 00001418 C=DATA    S=_DATA    G=DGROUP   M=C:\HTI\SISMED\SMED580.OBJ ACBP=A9
 0002:000E0F00 00003918 C=DATA    S=_DATA    G=DGROUP   M=C:\HTI\SISMED\SMED590.OBJ ACBP=A9
 0002:000E4818 00000C38 C=DATA    S=_DATA    G=DGROUP   M=C:\HTI\SISMED\SMED591.OBJ ACBP=A9
 0002:000E5450 000011EC C=DATA    S=_DATA    G=DGROUP   M=C:\HTI\SISMED\SMED592.OBJ ACBP=A9
 0002:000E663C 0000032C C=DATA    S=_DATA    G=DGROUP   M=C:\HTI\SISMED\SMED593.OBJ ACBP=A9
 0002:000E6968 00000CA0 C=DATA    S=_DATA    G=DGROUP   M=C:\HTI\SISMED\SMED594.OBJ ACBP=A9
 0002:000E7608 0000142C C=DATA    S=_DATA    G=DGROUP   M=C:\HTI\SISMED\SMED595.OBJ ACBP=A9
 0002:000E8A34 00000374 C=DATA    S=_DATA    G=DGROUP   M=C:\HTI\SISMED\SMED700.OBJ ACBP=A9
 0002:000E8DA8 000011A0 C=DATA    S=_DATA    G=DGROUP   M=C:\HTI\SISMED\SMED710.OBJ ACBP=A9
 0002:000E9F48 00000C0C C=DATA    S=_DATA    G=DGROUP   M=C:\HTI\SISMED\SMED720.OBJ ACBP=A9
 0002:000EAB54 00000C48 C=DATA    S=_DATA    G=DGROUP   M=C:\HTI\SISMED\SMED900.OBJ ACBP=A9
 0002:000EB79C 00000D54 C=DATA    S=_DATA    G=DGROUP   M=C:\HTI\SISMED\SMED5931.OBJ ACBP=A9
 0002:000EC4F0 00000D64 C=DATA    S=_DATA    G=DGROUP   M=C:\HTI\SISMED\SMED5932.OBJ ACBP=A9
 0002:000ED254 00000D60 C=DATA    S=_DATA    G=DGROUP   M=C:\HTI\SISMED\SMED5933.OBJ ACBP=A9
 0002:000EDFB4 00000E08 C=DATA    S=_DATA    G=DGROUP   M=C:\HTI\SISMED\SMED5934.OBJ ACBP=A9
 0002:000EEDBC 00004728 C=DATA    S=_DATA    G=DGROUP   M=C:\HTI\SISMED\SMEDCDX.OBJ ACBP=A9
 0002:000F34E4 000007CC C=DATA    S=_DATA    G=DGROUP   M=C:\HTI\SISMED\SMEDCONS.OBJ ACBP=A9
 0002:000F3CB0 00003228 C=DATA    S=_DATA    G=DGROUP   M=C:\HTI\SISMED\SMEDENDO.OBJ ACBP=A9
 0002:000F6ED8 00002738 C=DATA    S=_DATA    G=DGROUP   M=C:\HTI\SISMED\SMEDEXA.OBJ ACBP=A9
 0002:000F9610 0000139C C=DATA    S=_DATA    G=DGROUP   M=C:\HTI\SISMED\SMEDGUIA.OBJ ACBP=A9
 0002:000FA9AC 00002124 C=DATA    S=_DATA    G=DGROUP   M=C:\HTI\SISMED\SMEDPNE1.OBJ ACBP=A9
 0002:000FCAD0 000023E0 C=DATA    S=_DATA    G=DGROUP   M=C:\HTI\SISMED\SMEDPNEU.OBJ ACBP=A9
 0002:000FEEB0 000008F8 C=DATA    S=_DATA    G=DGROUP   M=C:\HTI\SISMED\SMEDRADI.OBJ ACBP=A9
 0002:000FF7A8 000155A0 C=DATA    S=_DATA    G=DGROUP   M=C:\HTI\SISMED\SMEDROT.OBJ ACBP=A9
 0002:00114D48 00001714 C=DATA    S=_DATA    G=DGROUP   M=C:\HTI\SISMED\SACCFG.OBJ ACBP=A9
 0002:0011645C 00009D78 C=DATA    S=_DATA    G=DGROUP   M=C:\HTI\SISMED\SMEDDBF.OBJ ACBP=A9
 0002:001201D4 000010C8 C=DATA    S=_DATA    G=DGROUP   M=C:\HTI\SISMED\SMED482.OBJ ACBP=A9
 0002:0012129C 00002E20 C=DATA    S=_DATA    G=DGROUP   M=C:\HTI\SISMED\CON221.OBJ ACBP=A9
 0002:001240BC 00001A5C C=DATA    S=_DATA    G=DGROUP   M=C:\HTI\SISMED\CON2111.OBJ ACBP=A9
 0002:00125B18 000030C8 C=DATA    S=_DATA    G=DGROUP   M=C:\HTI\SISMED\CON215.OBJ ACBP=A9
 0002:00128BE0 0000208C C=DATA    S=_DATA    G=DGROUP   M=C:\HTI\SISMED\CON2511.OBJ ACBP=A9
 0002:0012AC6C 0000300C C=DATA    S=_DATA    G=DGROUP   M=C:\HTI\SISMED\CON425.OBJ ACBP=A9
 0002:0012DC78 00002474 C=DATA    S=_DATA    G=DGROUP   M=C:\HTI\SISMED\CON422.OBJ ACBP=A9
 0002:001300EC 000011D4 C=DATA    S=_DATA    G=DGROUP   M=C:\HTI\SISMED\CON4201.OBJ ACBP=A9
 0002:001312C0 0000105C C=DATA    S=_DATA    G=DGROUP   M=C:\HTI\SISMED\CON4202.OBJ ACBP=A9
 0002:0013231C 00003580 C=DATA    S=_DATA    G=DGROUP   M=C:\HTI\SISMED\CON4231.OBJ ACBP=A9
 0002:0013589C 000022D8 C=DATA    S=_DATA    G=DGROUP   M=C:\HTI\SISMED\CON427.OBJ ACBP=A9
 0002:00137B74 00001FBC C=DATA    S=_DATA    G=DGROUP   M=C:\HTI\SISMED\CON4203.OBJ ACBP=A9
 0002:00139B30 00001040 C=DATA    S=_DATA    G=DGROUP   M=C:\HTI\SISMED\CON4204.OBJ ACBP=A9
 0002:0013AB70 00001040 C=DATA    S=_DATA    G=DGROUP   M=C:\HTI\SISMED\CON4205.OBJ ACBP=A9
 0002:0013BBB0 00001528 C=DATA    S=_DATA    G=DGROUP   M=C:\HTI\SISMED\CON4191.OBJ ACBP=A9
 0002:0013D0D8 00003770 C=DATA    S=_DATA    G=DGROUP   M=C:\HTI\SISMED\CON2411.OBJ ACBP=A9
 0002:00140848 00001660 C=DATA    S=_DATA    G=DGROUP   M=C:\HTI\SISMED\CON2521.OBJ ACBP=A9
 0002:00141EA8 00001AF8 C=DATA    S=_DATA    G=DGROUP   M=C:\HTI\SISMED\CON241V.OBJ ACBP=A9
 0002:001439A0 00000974 C=DATA    S=_DATA    G=DGROUP   M=C:\HTI\SISMED\SMED483.OBJ ACBP=A9
 0002:00144314 00001AE8 C=DATA    S=_DATA    G=DGROUP   M=C:\HTI\SISMED\SAC_DBF.OBJ ACBP=A9
 0002:00145DFC 00000BEC C=DATA    S=_DATA    G=DGROUP   M=C:\HTI\SISMED\SAUTORIZA.OBJ ACBP=A9
 0002:001469E8 000013A8 C=DATA    S=_DATA    G=DGROUP   M=C:\HTI\SISMED\IMPACBR.OBJ ACBP=A9
 0002:00147D90 00004128 C=DATA    S=_DATA    G=DGROUP   M=C:\HTI\SISMED\SMEDHIST.OBJ ACBP=A9
 0002:0014BEB8 00000E74 C=DATA    S=_DATA    G=DGROUP   M=C:\HTI\SISMED\SACTIPDC.OBJ ACBP=A9
 0002:0014CD2C 00000988 C=DATA    S=_DATA    G=DGROUP   M=C:\XHARBOUR997\LIB\LANG.LIB|msgen ACBP=A9
 0002:0014D6B4 00000AE8 C=DATA    S=_DATA    G=DGROUP   M=C:\XHARBOUR997\LIB\LANG.LIB|msges ACBP=A9
 0002:0014E19C 000001A0 C=DATA    S=_DATA    G=DGROUP   M=C:\XHARBOUR997\LIB\VM.LIB|arrayshb ACBP=A9
 0002:0014E33C 0000056C C=DATA    S=_DATA    G=DGROUP   M=C:\XHARBOUR997\LIB\VM.LIB|classes ACBP=A9
 0002:0014E8A8 000000E4 C=DATA    S=_DATA    G=DGROUP   M=C:\XHARBOUR997\LIB\VM.LIB|cmdarg ACBP=A9
 0002:0014E98C 00000034 C=DATA    S=_DATA    G=DGROUP   M=C:\XHARBOUR997\LIB\VM.LIB|codebloc ACBP=A9
 0002:0014E9C0 00000004 C=DATA    S=_DATA    G=DGROUP   M=C:\XHARBOUR997\LIB\VM.LIB|do ACBP=A9
 0002:0014E9C4 00000014 C=DATA    S=_DATA    G=DGROUP   M=C:\XHARBOUR997\LIB\VM.LIB|dynsym ACBP=A9
 0002:0014E9D8 000001D4 C=DATA    S=_DATA    G=DGROUP   M=C:\XHARBOUR997\LIB\VM.LIB|errorapi ACBP=A9
 0002:0014EBAC 00000144 C=DATA    S=_DATA    G=DGROUP   M=C:\XHARBOUR997\LIB\VM.LIB|estack ACBP=A9
 0002:0014ECF0 0000001C C=DATA    S=_DATA    G=DGROUP   M=C:\XHARBOUR997\LIB\VM.LIB|eval ACBP=A9
 0002:0014ED0C 00000008 C=DATA    S=_DATA    G=DGROUP   M=C:\XHARBOUR997\LIB\VM.LIB|evalhb ACBP=A9
 0002:0014ED14 00000004 C=DATA    S=_DATA    G=DGROUP   M=C:\XHARBOUR997\LIB\VM.LIB|extend ACBP=A9
 0002:0014ED18 00000044 C=DATA    S=_DATA    G=DGROUP   M=C:\XHARBOUR997\LIB\VM.LIB|garbage ACBP=A9
 0002:0014ED5C 00000328 C=DATA    S=_DATA    G=DGROUP   M=C:\XHARBOUR997\LIB\VM.LIB|hash ACBP=A9
 0002:0014F084 000000E0 C=DATA    S=_DATA    G=DGROUP   M=C:\XHARBOUR997\LIB\VM.LIB|hbi18n ACBP=A9
 0002:0014F164 00000DC8 C=DATA    S=_DATA    G=DGROUP   M=C:\XHARBOUR997\LIB\VM.LIB|hvm ACBP=A9
 0002:0014FF2C 00000284 C=DATA    S=_DATA    G=DGROUP   M=C:\XHARBOUR997\LIB\VM.LIB|inet ACBP=A9
 0002:001501B0 00000568 C=DATA    S=_DATA    G=DGROUP   M=C:\XHARBOUR997\LIB\VM.LIB|initsymb ACBP=A9
 0002:00150718 00000034 C=DATA    S=_DATA    G=DGROUP   M=C:\XHARBOUR997\LIB\VM.LIB|itemapi ACBP=A9
 0002:0015074C 000000A8 C=DATA    S=_DATA    G=DGROUP   M=C:\XHARBOUR997\LIB\VM.LIB|fastitem ACBP=A9
 0002:001507F4 00000024 C=DATA    S=_DATA    G=DGROUP   M=C:\XHARBOUR997\LIB\VM.LIB|macro ACBP=A9
 0002:00150818 00000004 C=DATA    S=_DATA    G=DGROUP   M=C:\XHARBOUR997\LIB\VM.LIB|mainwin ACBP=A9
 0002:0015081C 00000124 C=DATA    S=_DATA    G=DGROUP   M=C:\XHARBOUR997\LIB\VM.LIB|memvars ACBP=A9
 0002:00150940 000000C8 C=DATA    S=_DATA    G=DGROUP   M=C:\XHARBOUR997\LIB\VM.LIB|proc ACBP=A9
 0002:00150A08 0000001C C=DATA    S=_DATA    G=DGROUP   M=C:\XHARBOUR997\LIB\VM.LIB|thread ACBP=A9
 0002:00150A24 00000008 C=DATA    S=_DATA    G=DGROUP   M=C:\XHARBOUR997\LIB\VM.LIB|throw ACBP=A9
 0002:00150A2C 00000444 C=DATA    S=_DATA    G=DGROUP   M=C:\XHARBOUR997\LIB\VM.LIB|harbinit ACBP=A9
 0002:00150E70 00000004 C=DATA    S=_DATA    G=DGROUP   M=C:\XHARBOUR997\LIB\RTL.LIB|abs ACBP=A9
 0002:00150E74 0000000C C=DATA    S=_DATA    G=DGROUP   M=C:\XHARBOUR997\LIB\RTL.LIB|at ACBP=A9
 0002:00150E80 00000010 C=DATA    S=_DATA    G=DGROUP   M=C:\XHARBOUR997\LIB\RTL.LIB|bkgtsks ACBP=A9
 0002:00150E90 0000000C C=DATA    S=_DATA    G=DGROUP   M=C:\XHARBOUR997\LIB\RTL.LIB|box ACBP=A9
 0002:00150E9C 00000264 C=DATA    S=_DATA    G=DGROUP   M=C:\XHARBOUR997\LIB\RTL.LIB|cdpapi ACBP=A9
 0002:00151100 00000008 C=DATA    S=_DATA    G=DGROUP   M=C:\XHARBOUR997\LIB\RTL.LIB|chrasc ACBP=A9
[...]
 0002:000CF80C      @D115_1
 0002:000CFB30      @D116_1
 0002:000D0C48      @D117_1
 0002:000D2120      @D118_1
 0002:000D2F84      @D119_1
 0002:000D4818      @D120_1
 0002:000D57F0      @D121_1
 0002:000D6138      @D122_1
 0002:000D71C0      @D123_1
 0002:000D8488      @D124_1
 0002:000D953C      @D125_1
 0002:000D98FC      @D126_1
 0002:000DB2CC      @D127_1
 0002:000DC83C      @D128_1
 0002:000DDDF0      @D129_1
 0002:000DF14C      @D130_1
 0002:000DFAE8      @D131_1
 0002:000E0F00      @D132_1
 0002:000E4818      @D133_1
 0002:000E5450      @D134_1
 0002:000E663C      @D135_1
 0002:000E6968      @D136_1
 0002:000E7608      @D137_1
 0002:000E8A34      @D138_1
 0002:000E8DA8      @D139_1
 0002:000E9F48      @D140_1
 0002:000EAB54      @D141_1
 0002:000EB79C      @D142_1
 0002:000EC4F0      @D143_1
 0002:000ED254      @D144_1
 0002:000EDFB4      @D145_1
 0002:000EEDBC      @D146_1
 0002:000F34E4      @D147_1
 0002:000F3CB0      @D148_1
 0002:000F6ED8      @D149_1
 0002:000F9610      @D150_1
 0002:000FA9AC      @D151_1
 0002:000FCAD0      @D152_1
 0002:000FEEB0      @D153_1
 0002:000FF7A8      @D154_1
 0002:00114D48      @D155_1
 0002:0011645C      @D156_1
 0002:001201D4      @D157_1
 0002:0012129C      @D158_1
 0002:001240BC      @D159_1
 0002:00125B18      @D160_1
 0002:00128BE0      @D161_1
 0002:0012AC6C      @D162_1
 0002:0012DC78      @D163_1
 0002:001300EC      @D164_1
 0002:001312C0      @D165_1
 0002:0013231C      @D166_1
 0002:0013589C      @D167_1
 0002:00137B74      @D168_1
 0002:00139B30      @D169_1
 0002:0013AB70      @D170_1
 0002:0013BBB0      @D171_1
 0002:0013D0D8      @D172_1
 0002:00140848      @D173_1
 0002:00141EA8      @D174_1
 0002:001439A0      @D175_1
 0002:00144314      @D176_1
 0002:00145DFC      @D177_1
 0002:001469E8      @D178_1
 0002:00147D90      @D179_1
 0002:0014BEB8      @D180_1
 0002:0014CD2C      @D234_1
 0002:0014D6B4      @D238_1
 0002:0014E19C      @D322_1
 0002:0014E33C      @D328_1
 0002:0014E364      _hb_cls_uiArrayClass
 0002:0014E366      _hb_cls_uiBlockClass
 0002:0014E368      _hb_cls_uiCharacterClass
 0002:0014E36A      _hb_cls_uiDateClass
 0002:0014E36C      _hb_cls_uiLogicalClass
 0002:0014E36E      _hb_cls_uiNilClass
 0002:0014E370      _hb_cls_uiNumericClass
 0002:0014E372      _hb_cls_uiPointerClass
 0002:0014E374      _hb_cls_uiHashClass
 0002:0014E378      _hb_symDestructor
 0002:0014E8A8      @D330_1
 0002:0014E8B0      _b_MouseEnable
 0002:0014E8B4      _hb_hInstance
 0002:0014E8B8      _hb_hPrevInstance
 0002:0014E8BC      _hb_iCmdShow
 0002:0014E8C0      _s_WinMainParam
 0002:0014E98C      @D332_1
 0002:0014E9C0      @D338_1
 0002:0014E9C4      @D342_1
 0002:0014E9D8      @D344_1
 0002:0014EBAC      @D346_1
 0002:0014EBAC      _hb_stack_ptr
 0002:0014EBB0      _hb_stack_ready
 0002:0014ECF0      @D348_1
 0002:0014ED0C      @D350_1
 0002:0014ED14      @D352_1
 0002:0014ED18      @D356_1
 0002:0014ED24      _hb_gc_bReleaseAll
 0002:0014ED5C      @D358_1
 0002:0014F084      @D360_1
 0002:0014F164      _hb_vm_iExtraParamsIndex
 0002:0014F164      @D362_1
 0002:0014F168      _hb_vm_iExtraElementsIndex
 0002:0014F16C      _hb_vm_iExtraElements
 0002:0014F174      _pHVMFuncService
 0002:0014F178      _hb_bProfiler
 0002:0014F17C      _hb_bTracePrgCalls
 0002:0014F180      _hb_symEval
 0002:0014F1A8      _hb_vm_pFunDbgEntry
 0002:0014F1B0      _hb_vm_sNull
 0002:0014F1B4      _hb_vm_acAscii
 0002:0014F5B4      _hb_vm_bWithObject
 0002:0014F5B8      _hb_vm_wEnumCollectionCounter
 0002:0014F5BC      _hb_vm_iTry
 0002:0014F5C0      _hb_vm_BreakBlock
 0002:0014FF2C      @D364_1
 0002:001501B0      @D368_1
 0002:00150718      @D370_1
 0002:0015074C      @D372_1
 0002:001507F4      @D374_1
 0002:001507F4      _hb_comp_bShortCuts
 0002:00150818      @D380_1
 0002:0015081C      @D382_1
 0002:00150940      @D388_1
 0002:00150A08      @D394_1
 0002:00150A24      @D396_1
 0002:00150A2C      @D398_1
 0002:00150E70      @D400_1
 0002:00150E74      @D406_1
 0002:00150E80      @D408_1
 0002:00150E90      @D414_1
 0002:00150E9C      @D416_1
 0002:0015109C      _hb_uniTbl_437
 0002:001510F0      _hb_cdp_page
 0002:00151100      @D418_1
 0002:00151108      @D420_1
 0002:0015110C      @D422_1
 0002:00151138      @D426_1
 0002:00151148      @D428_1
 0002:00151188      @D430_1
 0002:001511BC      @D436_1
 0002:001511C0      @D440_1
 0002:001511D8      @D442_1
 0002:001511FC      @D456_1
 0002:00151214      @D458_1
 0002:00151218      @D464_1
 0002:001512AC      @D468_1
 0002:001512B0      @D470_1
 0002:001512B4      @D474_1
 0002:001512CC      _hb_gt_gcoldefs
 0002:00151438      @D480_1
 0002:001514A0      @D484_1
 0002:00151500      @D494_1
 0002:00151520      @D496_1
 0002:00151544      @D502_1
 0002:00151548      @D512_1
 0002:0015155C      _hb_vm_bCollectGarbage
 0002:00151560      @D514_1
 0002:0015158C      @D520_1
 0002:001515EC      @D522_1
 0002:001515F4      @D524_1
 0002:001515F8      @D528_1
 0002:0015174C      @D532_1
 0002:00151750      @D534_1
 0002:00151758      @D542_1
 0002:00151768      @D548_1
 0002:001517A0      @D552_1
 0002:001517A4      @D560_1
 0002:001517A8      @D562_1
 0002:001517AC      @D564_1
 0002:001517B0      @D566_1
 0002:00151890      @D570_1
 0002:001518B0      @D576_1
 0002:0015193C      @D578_1
 0002:00151948      @D580_1
 0002:0015194C      @D582_1
 0002:00151958      @D592_1
 0002:00151960      @D594_1
 0002:00151960      _hb_set_ptr
 0002:00151A0C      @D614_1
 0002:00151A14      @D616_1
 0002:00151A18      @D618_1
 0002:00151A1C      @D622_1
 0002:00151A28      @D624_1
 0002:00151A2C      @D632_1
 0002:00151A38      @D634_1
 0002:00151A44      @D636_1
 0002:00151A48      @D638_1
 0002:00151A50      @D640_1
 0002:00151A54      @D644_1
 0002:00151AE4      @D646_1
 0002:00151B10      @D648_1
 0002:00151C7C      @D650_1
 0002:00151C8C      @D652_1
 0002:00151C98      @D654_1
 0002:00151CA0      @D656_1
 0002:00151CA4      @D660_1
 0002:00151CB0      @D662_1
 0002:00151D0C      @D664_1
 0002:00151D14      @D666_1
 0002:00151D1C      @D668_1
 0002:00151D20      @D670_1
 0002:001538B0      @D674_1
 0002:001548C0      @D678_1
 0002:00154A18      @D686_1
 0002:00155218      @D688_1
 0002:001561F0      @D696_1
 0002:00156308      @D710_1
 0002:00156424      @D712_1
 0002:00157428      @D720_1
 0002:00158044      @D724_1
 0002:0015BCD8      @D726_1
 0002:0015D3D0      @D728_1
 0002:0015D4AC      @D730_1
 0002:0015DE00      @D732_1
 0002:0015E9EC      @D734_1
 0002:0015FB14      @D750_1
 0002:0015FBFC      @D754_1
 0002:0016143C      @D764_1
 0002:00162614      @D766_1
 0002:0016BA64      @D768_1
 0002:0016E498      @D770_1
 0002:00175A00      @D772_1
 0002:00175FA8      @D776_1
 0002:0017B8DC      @D778_1
 0002:0017BC8C      @D780_1
 0002:0017F954      @D782_1
 0002:00180CF4      @D786_1
 0002:00181490      @D790_1
 0002:0018189C      @D800_1
 0002:00181BC4      @D810_1
 0002:00183DA8      @D814_1
 0002:001842C0      @D816_1
 0002:00184680      @D818_1
 0002:00184B4C      @D820_1
 0002:00184B74      @D822_1
 0002:00184D80      @D850_1
 0002:00185084      @D852_1
 0002:001850F0      @D854_1
 0002:00187E38      @D856_1
 0002:00187E78      @D858_1
 0002:00187E78      _hb_comp_ExprTable
 0002:00187FD0      @D862_1
 0002:00188004      _yytext
 0002:001880C4      _aPairs
 0002:00188C14      @D874_1
 0002:00189160      @D880_1
 0002:001893E0      @D882_1
 0002:0018A318      @D912_1
 0002:0018BA74      @D914_1
 0002:0018E870      @D916_1
 0002:00192924      @D918_1
 0002:00193E5C      @D922_1
 0002:00195AB8      @D924_1
 0002:0019719C      @D928_1
 0002:001989C8      @D930_1
 0002:0019A2EC      @D932_1
 0002:0019E990      @D938_1
 0002:001A1164      @D944_1
 0002:001A2518      _SAWINDOWS
 0002:001A2530      _OWINACTIVE
 0002:001A6760      @D948_1
 0002:001A7E00      @D961_1
 0002:001A8F04      @D965_1
 0002:001AD6C4      @D967_1
 0002:001AE148      _LHIDERECNO
 0002:001AE160      _LHIDEHISTORIC
 0002:001AE178      _LMULTILANG
 0002:001AE190      _LGOTOPONSCOPE
 0002:001AE1A8      _LSERIALIZEDASSTRING
 0002:001B4770      @D969_1
 0002:001D7DA0      @D970_1
 0002:001DCC64      @D972_1
 0002:001DD0D8      _BTABLEINFO
 0002:001DD0F0      _BINDEXINFO
 0002:001E2688      @D974_1
 0002:001E272C      _NBASELANG
 0002:001E2744      _NSECONDLANG
 0002:001E275C      _NROOTLANG
 0002:001E4998      @D980_1
 0002:001E5EAC      @D984_1
 0002:001E5F48      @D986_1
 0002:001E5F54      _divider
 0002:001E63A0      @D988_1
 0002:001E63B0      @D996_1
 0002:001E6A94      __sqlo_sqloraID
 0002:001E6A94      @D998_1
 0002:001E6A98      _sqlo_major_version
 0002:001E6A9C      _sqlo_minor_version
 0002:001E6AA0      _sqlo_micro_version
 0002:001E6AA4      _sqlo_interface_age
 0002:001E6AA8      _sqlo_binary_age
 0002:001E6AAC      _sqlora8_major_version
 0002:001E6AB0      _sqlora8_minor_version
 0002:001E6AB4      _sqlora8_micro_version
 0002:001E6AB8      _sqlora8_interface_age
 0002:001E6ABC      _sqlora8_binary_age
 0002:001EA030      @D1006_1
 0002:001EA038      @D1012_1
 0002:001EA0C0      @D1014_1
 0002:001EA0C0      _hb_tr_file_
 0002:001EA0C4      _hb_tr_line_
 0002:001EA0C8      _hb_tr_level_
 0002:001EA180      @D1016_1
 0002:001EB14C      @D1018_1
 0002:001EB2F8      @D1022_1
 0002:001EB554      @D1036_1
 0002:001EB5E8      @D1038_1
 0002:001EB698      @D1040_1
 0002:001EB730      @D1074_1
 0002:001EB7E8      @D1114_0
 0002:001EB9E8      _hb_uniTbl_850
 0002:001EBA00      @D1120_0
 0002:001EBC00      _hb_uniTbl_8859_1
 0002:001EBC1C      @D1322_0
 0002:001EBC1C      __pcre_default_tables
 0002:001EC05C      @D1324_1
 0002:001EC2B8      @D1326_1
 0002:001ECC6C      @D1332_1
 0002:001ECC78      @D1338_0
 0002:001ECC78      _pcre_malloc
 0002:001ECC7C      _pcre_free
 0002:001ECC80      _pcre_stack_malloc
 0002:001ECC84      _pcre_stack_free
 0002:001ECC88      _pcre_callout
 0002:001ECC8C      __pcre_utf8_table1
 0002:001ECC8C      @D1352_0
 0002:001ECCA4      __pcre_utf8_table1_size
 0002:001ECCA8      __pcre_utf8_table2
 0002:001ECCC0      __pcre_utf8_table3
 0002:001ECCD8      __pcre_utt
 0002:001ECE00      __pcre_utt_size
 0002:001ECE04      __pcre_OP_lengths
 0002:001ECE55      __pcre_utf8_table4
 0002:001ECF00      @D1356_1
 0002:002030E8      @D1410_1
 0002:002030EC      @D1412_1
 0002:00203184      @D1422_1
 0002:00203188      __heap_redirector
 0002:002031A4      @D1428_1
 0002:002031A4      __virt_heap_size
 0002:002031A8      __virt_chunk_size
 0002:002031AC      __virt_chunk_size2
 0002:002031B0      __nv_heap_size
 0002:002031B4      __smalloc_threshold
 0002:002031B8      __virt_chunk_free
 0002:002031BC      __virt_chunk_free2
 0002:002031C0      __firstHeap
 0002:002031C4      __lastHeap
 0002:002031C8      __linktable
 0002:002031CC      __freeStart
 0002:002031D8      __rover
 0002:002031E0      ___allocated
 0002:002031E4      @D1652_1
 0002:002031F8      ___xxPersonality
 0002:002031F8      @D1722_0
 0002:002031FC      @D1724_1
 0002:0020351C      ___terminatePTR
 0002:0020351C      @D1726_1
 0002:00203520      ___unexpectdPTR
 0002:00203524      @_$CHNC$@std@terminate$qv
 0002:00203544      @_$ECTOC$@std@terminate$qv
 0002:00203558      ___CPPexceptionList
 0002:00203558      @D1728_1
 0002:0020355C      ___exceptFlags
 0002:00203560      ___throwFileName
 0002:00203564      ___throwLineNumber
 0002:00203568      ___throwExceptionName
 0002:0020356C      ___exceptStaticBuffP
 0002:00203570      ___exceptMemAllocVars
 0002:00203574      ___ExceptStaticXbuff
 0002:002035F4      __ExceptVarsSize
 0002:00203608      @_$CHNC$@__call_terminate$qv
 0002:00203628      @_$ECTOC$@__call_terminate$qv
 0002:0020363C      @D1734_1
 0002:0020363C      __stkchk
 0002:00203650      @D1750_1
 0002:0020365C      @D1770_1
 0002:0020365C      __cfinfo_get
 0002:00203660      __notUmask
 0002:00203660      @D1824_1
 0002:00203664      __fileinfo
 0002:00203664      @D1850_0
 0002:00203668      @D1920_0
 0002:00203668      __streams
 0002:00203B18      __nfile
 0002:00203B18      @D1922_0
 0002:00203B1C      __openfd
 0002:00203BE4      __fmode
 0002:00203BE4      @D1932_0
 0002:00203BE8      @D1934_1
 0002:00203BE8      __fmodeptr
 0002:00203BEC      __dosErrorToSV
 0002:00203BEC      @D1997_1
 0002:00203D18      @D2021_1
 0002:00203D24      @D2029_1
 0002:00203D24      __sys_errlist
 0002:00203DE8      __sys_nerr
 0002:002041A0      @D2056_1
 0002:00204224      @D2091_1
 0002:0020423C      @D2123_1
 0002:002042B4      @D2203_0
 0002:002042B4      __chartype
 0002:002044B8      __localeconvention
 0002:002044B8      @D2205_1
 0002:002044F4      @D2207_1
 0002:00204544      @D2209_0
 0002:00204544      __lower
 0002:00204644      @D2213_0
 0002:00204644      __upper
 0002:00204744      @D2229_1
 0002:00204744      ___mb_cur_max
 0002:00204748      ___localeLock
 0002:0020485C      _CMonetary
 0002:0020485C      @D2231_0
 0002:00204890      _CNumeric
 0002:002048A8      _CTimeDate
 0002:0020496C      _CLOCALE
 0002:00204998      ___locale
 0002:00204ABC      @D2233_1
 0002:00204B24      @D2357_1
 0002:00204B34      @D2363_1
 0002:00204BF4      __realcvtptr
 0002:00204BF4      @D2418_1
 0002:00204BF8      __nextrealptr
 0002:00204BFC      __scantodptr
 0002:00204C00      __scanrsltptr
 0002:00204C5C      @D2420_1
 0002:00204C5C      __realcvtwptr
 0002:00204C60      __nextrealwptr
 0002:00204C64      __scanwtodptr
 0002:00204C68      __scanwrsltptr
 0002:00204CC4      __default87
 0002:00204CC4      @D2422_0
 0002:00204CC8      @D2428_1
 0002:00204CD4      @D2436_1
 0002:00204CE8      @D2438_1
 0002:00204D00      __huge_flt
 0002:00204D00      @D2476_0
 0002:00204D04      __huge_dble
 0002:00204D0C      __huge_ldble
 0002:00204D16      __max_flt
 0002:00204D1A      __max_dble
 0002:00204D22      __max_ldble
 0002:00204D2C      __indefinite
 0002:00204D30      __tiny_ldble
 0002:00204D3C      ___ieee_64_p_inf
 0002:00204D44      ___ieee_64_n_inf
 0002:00204D4C      ___ieee_64_p_nanq
 0002:00204D54      ___ieee_64_n_nanq
 0002:00204D5C      ___ieee_64_p_nans
 0002:00204D64      ___ieee_64_n_nans
 0002:00204D6C      ___ieee_64_p_zero
 0002:00204D74      ___ieee_64_n_zero
 0002:00204D7C      @D2486_0
 0002:00204D7C      __turboFloat
 0002:00204D80      __floatconvert
 0002:00204D84      @D2500_1
 0002:00204D90      __pmatherr
 0002:00204D90      @D2524_1
 0002:00204D94      __pmatherrl
 0002:00204D98      @D2528_0
 0002:00204D98      __mathwhy
 0002:00204DDC      @D2538_1
 0002:00204DF8      @D2550_1
 0002:00204E00      @D2552_1
 0002:00204E14      @D2554_1
 0002:00204E3C      @D2561_1
 0002:00204E64      @D2563_1
 0002:00204E8C      @D2573_1
 0002:00204E9C      __kalpha
 0002:00204E9C      @D2621_1
 0002:00204E9E      __kpunct
 0002:00204EE4      @D2757_1
 0002:00204F08      @D2773_1
 0002:00204F2C      @D2775_1
 0002:00204F2C      _errno
 0002:00204F30      @D2777_1
 0002:00204F30      __messagefunc
 0002:00204F34      __messagefile
 0002:00204F40      @D2785_1
 0002:00204F68      @D2804_1
 0002:00204F88      @D2806_0
 0002:00204F88      ___pCallAtExitProcs
 0002:00204F8C      @D2842_1
 0002:00204F8C      __exitbuf
 0002:00204F90      __exitfopen
 0002:00204F94      __exitopen
 0002:00204F98      __setargv_ptr
 0002:00204F98      @D2862_0
 0002:00204F9C      __exitargv_ptr
 0002:00204FA0      @D2864_0
 0002:00204FA0      __wsetargv_ptr
 0002:00204FA4      __wexitargv_ptr
 0002:00204FA8      __setargv__
 0002:00204FA8      @D2866_1
 0002:00204FFC      __cmdline_escapes
 0002:00204FFC      @D2868_1
 0002:00205024      @D2870_1
 0002:00205048      @D2923_0
 0002:00205048      __argv_expand_ptr
 0002:0020504C      @D2925_0
 0002:0020504C      __wargv_expand_ptr
 0002:00205050      @D2927_1
 0002:00205050      __argv0
 0002:00205070      @D2941_1
 0002:00205070      __setenvp__
 0002:002050C4      @D2945_1
 0002:00205124      @D2963_0
 0002:00205124      __isWindows
 0002:00205128      @D2964_1
 0002:0020512C      @D2994_0
 0002:0020512C      __SWeekday
 0002:00205148      __LWeekday
 0002:00205164      __SMonth
 0002:00205194      __LMonth
 0002:002051C4      __AmPm
 0002:002051CC      __Days
 0002:002051D8      __YDays
 0002:002052F0      @D3000_1
 0002:002052F0      __timezone
 0002:002052F4      __daylight
 0002:002052F8      __tzname
 0002:002052F8      @D3002_1
 0002:00205308      @D3008_1
 0002:0020530C      ___debuggerDisableTerminateCallback
 0002:0020530C      @D3057_1
 0002:00205B98      _GUID_NULL
 0002:00205B98      @D3206_0
 0002:00205BA8      _IID_IEnumVARIANT
 0002:00205BB8      _IID_IDispatch
 0002:00205BC8      _IID_IPicture
 0003:00000000      @B344_2
 0003:00000008      @B346_2
 0003:00000008      _hb_stackST
 0003:00000050      @B352_2
 0003:00000068      @B354_1
 0003:0000026C      @B360_2
 0003:000003F4      _hb_vm_aiExtraParams
 0003:000003F4      @B362_2
 0003:00000434      _hb_vm_apExtraParamsSymbol
 0003:00000474      _hb_vm_aiExtraElements
 0003:000004B4      _hb_vm_iExtraIndex
 0003:000004B8      _hb_ulOpcodesCalls
 0003:00000760      _hb_ulOpcodesTime
 0003:00000A38      _hb_vm_aWithObject
 0003:00000BB8      _hb_vm_wWithObjectCounter
 0003:00000BBC      _hb_vm_aEnumCollection
 0003:00000D3C      _hb_vm_apEnumVar
 0003:00000D7C      _hb_vm_awEnumIndex
 0003:00000DBC      _hb_vm_pSequence
 0003:00000DE0      @B380_2
 0003:000010E0      @B416_2
 0003:000011E0      @B422_2
 0003:000011F4      @B440_2
 0003:0000120C      @B456_2
 0003:00001414      _hb_gt_gobjects
 0003:00001414      @B474_2
 0003:00001418      _hb_gt_gobjects_end
 0003:00001438      _hb_gtGForeground
 0003:00001440      _hb_gtGBackground
 0003:00001448      @B514_2
 0003:00001514      @B520_2
 0003:00001614      @B594_2
 0003:00001614      _hb_set
 0003:0000197C      _s_PrintFileName
 0003:00001A7C      _s_PrinterName
 0003:00001B7C      _s_isDefaultPrinterDevice
 0003:00001B80      @B604_1
 0003:00001B84      @B668_2
 0003:00001B88      @B810_2
 0003:00001BFC      @B822_2
 0003:00001D88      @B854_2
 0003:00001DCC      @B862_2
 0003:00005E90      _yyleng
 0003:00005E9C      _yyin
 0003:0000A4A8      @B874_2
 0003:0000A638      @B880_2
 0003:0000A7C4      @B882_2
 0003:0000A950      @B924_2
 0003:0000AD98      _last_gobject
 0003:0000AD9C      @B996_2
 0003:0000AE24      @B998_2
 0003:0000BA28      @B1412_2
 0003:0000BA28      __bormm_pfn_FreeMem
 0003:0000BA2C      __bormm_pfn_GetMem
 0003:0000BA30      __bormm_pfn_ReallocMem
 0003:0000BA34      __bormm_pfn_HeapAddRef
 0003:0000BA38      __bormm_pfn_HeapRelease
 0003:0000BA40      @B1652_2
 0003:0000BAE4      @B1674_1
 0003:0000BAE8      @B1724_2
 0003:0000BEF8      @B1728_2
 0003:0000BEF8      __DestructorCountPtr
 0003:0000BF00      __HandlerPtr
 0003:0000BF00      @B1734_2
 0003:0000BF04      __UserHandlerPtr
 0003:0000BF08      __pidtab
 0003:0000BF08      @B1922_1
 0003:0000BFD0      __handles
 0003:0000C098      @B1997_2
 0003:0000C098      __doserrno
 0003:0000C09C      @B2003_1
 0003:0000C0A0      @B2021_2
 0003:0000C0A0      __tmpnum
 0003:0000C0B0      __mbctype
 0003:0000C0B0      @B2621_2
 0003:0000C1B4      __mbcsCodePage
 0003:0000C1B8      @B2757_2
 0003:0000C2B8      @B2773_2
 0003:0000C2D4      @B2785_2
 0003:0000C2D4      __ostype
 0003:0000C2D8      @B2789_1
 0003:0000C2E0      __argv
 0003:0000C2E0      @B2866_2
 0003:0000C2EC      @B2868_2
 0003:0000C2F0      @B2870_2
 0003:0000C2F4      @B2941_2
 0003:0000C2F4      __environ
 0003:0000C2FC      __envsize
 0003:0000C300      __env_lock
 0003:0000C304      @B2963_1
 0003:0000C304      __C0argc
 0003:0000C308      __C0argv
 0003:0000C30C      __C0environ
 0003:0000C310      __oscmd
 0003:0000C314      __osenv
 0003:0000C318      __argc
 0003:0000C31C      __dll_table
 0003:0000C324      __ExcRegPtr
 0003:0000C328      __wosenv
 0003:0000C32C      __woscmd
 0003:0000C330      __wC0argv
 0003:0000C334      __wC0environ
 0003:0000C338      __exe_table
 0003:0000C340      __stkbase
 0003:0000C344      @B2988_1
 0003:0000C368      @B3002_2
 0003:0000C370      @B3057_2
 0003:0000C374      ___pCPPdebugHook
 0004:00000000      @T1728_3
 0004:00000000      ___xxInfo
